Archive member included to satisfy reference by file (symbol)

c:/chibistudio/tools/gnu tools arm embedded/7.0 2017q4/bin/../lib/gcc/arm-none-eabi/7.2.1/thumb/v7-m\libgcc.a(_arm_addsubdf3.o)
                              build/obj/main.o (__aeabi_f2d)
c:/chibistudio/tools/gnu tools arm embedded/7.0 2017q4/bin/../lib/gcc/arm-none-eabi/7.2.1/thumb/v7-m\libgcc.a(_arm_muldivdf3.o)
                              build/obj/main.o (__aeabi_dmul)
c:/chibistudio/tools/gnu tools arm embedded/7.0 2017q4/bin/../lib/gcc/arm-none-eabi/7.2.1/thumb/v7-m\libgcc.a(_arm_truncdfsf2.o)
                              build/obj/main.o (__aeabi_d2f)
c:/chibistudio/tools/gnu tools arm embedded/7.0 2017q4/bin/../lib/gcc/arm-none-eabi/7.2.1/thumb/v7-m\libgcc.a(_arm_addsubsf3.o)
                              build/obj/main.o (__aeabi_fadd)
c:/chibistudio/tools/gnu tools arm embedded/7.0 2017q4/bin/../lib/gcc/arm-none-eabi/7.2.1/thumb/v7-m\libgcc.a(_arm_muldivsf3.o)
                              build/obj/main.o (__aeabi_fmul)
c:/chibistudio/tools/gnu tools arm embedded/7.0 2017q4/bin/../lib/gcc/arm-none-eabi/7.2.1/thumb/v7-m\libgcc.a(_arm_cmpsf2.o)
                              build/obj/main.o (__aeabi_fcmplt)
c:/chibistudio/tools/gnu tools arm embedded/7.0 2017q4/bin/../lib/gcc/arm-none-eabi/7.2.1/thumb/v7-m\libgcc.a(_arm_fixsfsi.o)
                              build/obj/main.o (__aeabi_f2iz)
c:/chibistudio/tools/gnu tools arm embedded/7.0 2017q4/bin/../lib/gcc/arm-none-eabi/7.2.1/../../../../arm-none-eabi/lib/thumb/v7-m\libg.a(lib_a-memcpy.o)
                              build/obj/hal_buffers.o (memcpy)
c:/chibistudio/tools/gnu tools arm embedded/7.0 2017q4/bin/../lib/gcc/arm-none-eabi/7.2.1/../../../../arm-none-eabi/lib/thumb/v7-m\libg.a(lib_a-memset.o)
                              build/obj/chfactory.o (memset)
c:/chibistudio/tools/gnu tools arm embedded/7.0 2017q4/bin/../lib/gcc/arm-none-eabi/7.2.1/../../../../arm-none-eabi/lib/thumb/v7-m\libg.a(lib_a-strcmp.o)
                              build/obj/chregistry.o (strcmp)
c:/chibistudio/tools/gnu tools arm embedded/7.0 2017q4/bin/../lib/gcc/arm-none-eabi/7.2.1/../../../../arm-none-eabi/lib/thumb/v7-m\libg.a(lib_a-strncmp.o)
                              build/obj/chfactory.o (strncmp)
c:/chibistudio/tools/gnu tools arm embedded/7.0 2017q4/bin/../lib/gcc/arm-none-eabi/7.2.1/../../../../arm-none-eabi/lib/thumb/v7-m\libg.a(lib_a-strncpy.o)
                              build/obj/chfactory.o (strncpy)

Discarded input sections

 .data          0x00000000        0x0 build/obj/crt0_v7m.o
 .bss           0x00000000        0x0 build/obj/crt0_v7m.o
 .data          0x00000000        0x0 build/obj/vectors.o
 .bss           0x00000000        0x0 build/obj/vectors.o
 .data          0x00000000        0x0 build/obj/chcoreasm_v7m.o
 .bss           0x00000000        0x0 build/obj/chcoreasm_v7m.o
 .text          0x00000000        0x0 build/obj/crt1.o
 .data          0x00000000        0x0 build/obj/crt1.o
 .bss           0x00000000        0x0 build/obj/crt1.o
 .text.__early_init
                0x00000000        0x4 build/obj/crt1.o
 .text          0x00000000        0x0 build/obj/hal.o
 .data          0x00000000        0x0 build/obj/hal.o
 .bss           0x00000000        0x0 build/obj/hal.o
 .text          0x00000000        0x0 build/obj/hal_st.o
 .data          0x00000000        0x0 build/obj/hal_st.o
 .bss           0x00000000        0x0 build/obj/hal_st.o
 .text.stGetAlarm
                0x00000000        0xc build/obj/hal_st.o
 .text          0x00000000        0x0 build/obj/hal_buffers.o
 .data          0x00000000        0x0 build/obj/hal_buffers.o
 .bss           0x00000000        0x0 build/obj/hal_buffers.o
 .text.ibqObjectInit
                0x00000000       0x30 build/obj/hal_buffers.o
 .text.ibqResetI
                0x00000000       0x18 build/obj/hal_buffers.o
 .text.ibqGetEmptyBufferI
                0x00000000       0x18 build/obj/hal_buffers.o
 .text.ibqPostFullBufferI
                0x00000000       0x28 build/obj/hal_buffers.o
 .text.ibqGetFullBufferTimeoutS
                0x00000000       0x34 build/obj/hal_buffers.o
 .text.ibqGetFullBufferTimeout
                0x00000000       0x14 build/obj/hal_buffers.o
 .text.ibqReleaseEmptyBuffer
                0x00000000       0x34 build/obj/hal_buffers.o
 .text.ibqReleaseEmptyBufferS
                0x00000000       0x2c build/obj/hal_buffers.o
 .text.ibqGetTimeout
                0x00000000       0x5c build/obj/hal_buffers.o
 .text.ibqReadTimeout
                0x00000000       0xdc build/obj/hal_buffers.o
 .text.obqObjectInit
                0x00000000       0x30 build/obj/hal_buffers.o
 .text.obqResetI
                0x00000000       0x1c build/obj/hal_buffers.o
 .text.obqGetFullBufferI
                0x00000000       0x1c build/obj/hal_buffers.o
 .text.obqReleaseEmptyBufferI
                0x00000000       0x28 build/obj/hal_buffers.o
 .text.obqGetEmptyBufferTimeoutS
[...]
Memory Configuration

Name             Origin             Length             Attributes
flash0           0x08000000         0x00010000
flash1           0x00000000         0x00000000
flash2           0x00000000         0x00000000
flash3           0x00000000         0x00000000
flash4           0x00000000         0x00000000
flash5           0x00000000         0x00000000
flash6           0x00000000         0x00000000
flash7           0x00000000         0x00000000
ram0             0x20000000         0x00005000
ram1             0x00000000         0x00000000
ram2             0x00000000         0x00000000
ram3             0x00000000         0x00000000
ram4             0x00000000         0x00000000
ram5             0x00000000         0x00000000
ram6             0x00000000         0x00000000
ram7             0x00000000         0x00000000
*default*        0x00000000         0xffffffff

Linker script and memory map

LOAD build/obj/crt0_v7m.o
LOAD build/obj/vectors.o
LOAD build/obj/chcoreasm_v7m.o
LOAD build/obj/crt1.o
LOAD build/obj/hal.o
LOAD build/obj/hal_st.o
LOAD build/obj/hal_buffers.o
LOAD build/obj/hal_queues.o
LOAD build/obj/hal_mmcsd.o
LOAD build/obj/hal_can.o
LOAD build/obj/hal_pal.o
LOAD build/obj/hal_uart.o
LOAD build/obj/nvic.o
LOAD build/obj/stm32_isr.o
LOAD build/obj/hal_lld.o
LOAD build/obj/hal_can_lld.o
LOAD build/obj/stm32_dma.o
LOAD build/obj/hal_pal_lld.o
LOAD build/obj/hal_st_lld.o
LOAD build/obj/hal_uart_lld.o
LOAD build/obj/board.o
LOAD build/obj/osal.o
LOAD build/obj/chsys.o
LOAD build/obj/chdebug.o
LOAD build/obj/chtrace.o
LOAD build/obj/chvt.o
LOAD build/obj/chschd.o
LOAD build/obj/chthreads.o
LOAD build/obj/chregistry.o
LOAD build/obj/chsem.o
LOAD build/obj/chmtx.o
LOAD build/obj/chcond.o
LOAD build/obj/chevents.o
LOAD build/obj/chmsg.o
LOAD build/obj/chdynamic.o
LOAD build/obj/chmboxes.o
LOAD build/obj/chmemcore.o
LOAD build/obj/chmemheaps.o
LOAD build/obj/chmempools.o
LOAD build/obj/chfactory.o
LOAD build/obj/chcore.o
LOAD build/obj/chcore_v7m.o
LOAD build/obj/main.o
LOAD build/obj/dbus.o
LOAD build/obj/canBusProcess.o

.mstack         0x20000000      0x400
                0x20000000                . = ALIGN (0x8)
                0x20000000                __main_stack_base__ = .
                0x20000400                . = (. + __main_stack_size__)
 *fill*         0x20000000      0x400 
                0x20000400                . = ALIGN (0x8)
                0x20000400                __main_stack_end__ = .

.pstack         0x20000400      0x400
                0x20000400                . = ALIGN (0x8)
                0x20000400                __process_stack_base__ = .
                0x20000400                __main_thread_stack_base__ = .
                0x20000800                . = (. + __process_stack_size__)
 *fill*         0x20000400      0x400 
                0x20000800                . = ALIGN (0x8)
                0x20000800                __process_stack_end__ = .
                0x20000800                __main_thread_stack_end__ = .

.vectors        0x08000000      0x160
 *(.vectors)
 .vectors       0x08000000      0x160 build/obj/vectors.o
                0x08000000                _vectors

.xtors          0x08000160        0x0
                0x08000160                __init_array_start = .
 *(SORT_BY_NAME(.init_array.*))
 *(.init_array)
                0x08000160                __init_array_end = .
                0x08000160                __fini_array_start = .
 *(.fini_array)
 *(SORT_BY_NAME(.fini_array.*))
                0x08000160                __fini_array_end = .

.text           0x08000160     0x30d4
                0x08000160                __text_base = .
 *(.text)
 .text          0x08000160       0xd8 build/obj/crt0_v7m.o
                0x08000160                _crt0_entry
 .text          0x08000238        0x8 build/obj/vectors.o
                0x08000238                Reset_Handler
                0x0800023a                VectorE8
                0x0800023a                Vector9C
                0x0800023a                VectorAC
                0x0800023a                DebugMon_Handler
                0x0800023a                Vector5C
                0x0800023a                Vector11C
                0x0800023a                HardFault_Handler
                0x0800023a                SysTick_Handler
                0x0800023a                VectorDC
                0x0800023a                PendSV_Handler
                0x0800023a                NMI_Handler
                0x0800023a                Vector110
                0x0800023a                Vector120
                0x0800023a                VectorC8
                0x0800023a                VectorA8
                0x0800023a                VectorB4
                0x0800023a                UsageFault_Handler
                0x0800023a                VectorEC
                0x0800023a                Vector40
                0x0800023a                VectorF8
                0x0800023a                Vector108
                0x0800023a                VectorBC
                0x0800023a                Vector150
                0x0800023a                Vector124
                0x0800023a                Vector148
                0x0800023a                Vector118
                0x0800023a                Vector64
                0x0800023a                Vector58
                0x0800023a                VectorCC
                0x0800023a                Vector54
                0x0800023a                Vector138
                0x0800023a                Vector24
                0x0800023a                VectorD0
                0x0800023a                Vector140
                0x0800023a                VectorE4
                0x0800023a                VectorC0
                0x0800023a                Vector158
                0x0800023a                Vector130
                0x0800023a                Vector134
                0x0800023a                VectorF0
                0x0800023a                Vector12C
                0x0800023a                Vector13C
                0x0800023a                Vector100
                0x0800023a                VectorE0
                0x0800023a                VectorF4
                0x0800023a                MemManage_Handler
                0x0800023a                VectorA0
                0x0800023a                VectorC4
                0x0800023a                Vector114
                0x0800023a                Vector60
                0x0800023a                Vector1C
                0x0800023a                Vector48
                0x0800023a                VectorD4
                0x0800023a                Vector4C
                0x0800023a                Vector144
                0x0800023a                Vector15C
                0x0800023a                Vector68
                0x0800023a                VectorA4
                0x0800023a                Vector88
                0x0800023a                Vector104
                0x0800023a                Vector10C
                0x0800023a                Vector14C
                0x0800023a                BusFault_Handler
                0x0800023a                Vector50
                0x0800023a                Vector154
                0x0800023a                Vector44
                0x0800023a                Vector28
                0x0800023a                VectorB8
                0x0800023a                VectorFC
                0x0800023a                Vector34
                0x0800023a                Vector128
                0x0800023a                Vector20
                0x0800023e                _unhandled_exception
 .text          0x08000240       0x28 build/obj/chcoreasm_v7m.o
                0x08000240                _port_switch
                0x08000250                _port_thread_start
                0x08000260                _port_switch_from_isr
                0x08000264                _port_exit_from_isr
 .text          0x08000268      0x378 c:/chibistudio/tools/gnu tools arm embedded/7.0 2017q4/bin/../lib/gcc/arm-none-eabi/7.2.1/thumb/v7-m\libgcc.a(_arm_addsubdf3.o)
                0x08000268                __aeabi_drsub
                0x08000270                __aeabi_dsub
                0x08000270                __subdf3
                0x08000274                __aeabi_dadd
                0x08000274                __adddf3
                0x080004ec                __floatunsidf
                0x080004ec                __aeabi_ui2d
                0x0800050c                __floatsidf
                0x0800050c                __aeabi_i2d
                0x08000530                __aeabi_f2d
                0x08000530                __extendsfdf2
                0x08000574                __floatundidf
                0x08000574                __aeabi_ul2d
                0x08000584                __floatdidf
                0x08000584                __aeabi_l2d
 .text          0x080005e0      0x424 c:/chibistudio/tools/gnu tools arm embedded/7.0 2017q4/bin/../lib/gcc/arm-none-eabi/7.2.1/thumb/v7-m\libgcc.a(_arm_muldivdf3.o)
                0x080005e0                __aeabi_dmul
                0x080005e0                __muldf3
                0x08000834                __divdf3
                0x08000834                __aeabi_ddiv
 .text          0x08000a04       0xa0 c:/chibistudio/tools/gnu tools arm embedded/7.0 2017q4/bin/../lib/gcc/arm-none-eabi/7.2.1/thumb/v7-m\libgcc.a(_arm_truncdfsf2.o)
                0x08000a04                __truncdfsf2
                0x08000a04                __aeabi_d2f
 .text          0x08000aa4      0x21c c:/chibistudio/tools/gnu tools arm embedded/7.0 2017q4/bin/../lib/gcc/arm-none-eabi/7.2.1/thumb/v7-m\libgcc.a(_arm_addsubsf3.o)
                0x08000aa4                __aeabi_frsub
                0x08000aac                __subsf3
                0x08000aac                __aeabi_fsub
                0x08000ab0                __aeabi_fadd
                0x08000ab0                __addsf3
                0x08000c10                __aeabi_ui2f
                0x08000c10                __floatunsisf
                0x08000c18                __aeabi_i2f
                0x08000c18                __floatsisf
                0x08000c34                __aeabi_ul2f
                0x08000c34                __floatundisf
                0x08000c44                __aeabi_l2f
                0x08000c44                __floatdisf
 .text          0x08000cc0      0x2a0 c:/chibistudio/tools/gnu tools arm embedded/7.0 2017q4/bin/../lib/gcc/arm-none-eabi/7.2.1/thumb/v7-m\libgcc.a(_arm_muldivsf3.o)
                0x08000cc0                __mulsf3
                0x08000cc0                __aeabi_fmul
                0x08000e28                __aeabi_fdiv
                0x08000e28                __divsf3
 .text          0x08000f60       0xec c:/chibistudio/tools/gnu tools arm embedded/7.0 2017q4/bin/../lib/gcc/arm-none-eabi/7.2.1/thumb/v7-m\libgcc.a(_arm_cmpsf2.o)
                0x08000f60                __gesf2
                0x08000f60                __gtsf2
                0x08000f68                __lesf2
                0x08000f68                __ltsf2
                0x08000f70                __nesf2
                0x08000f70                __eqsf2
                0x08000f70                __cmpsf2
                0x08000fd0                __aeabi_cfrcmple
                0x08000fd8                __aeabi_cfcmpeq
                0x08000fd8                __aeabi_cfcmple
                0x08000fe8                __aeabi_fcmpeq
                0x08000ffc                __aeabi_fcmplt
                0x08001010                __aeabi_fcmple
                0x08001024                __aeabi_fcmpge
                0x08001038                __aeabi_fcmpgt
 .text          0x0800104c       0x4c c:/chibistudio/tools/gnu tools arm embedded/7.0 2017q4/bin/../lib/gcc/arm-none-eabi/7.2.1/thumb/v7-m\libgcc.a(_arm_fixsfsi.o)
                0x0800104c                __aeabi_f2iz
                0x0800104c                __fixsfsi
 *(.text.*)
 *fill*         0x08001098        0x8 
 .text.__core_init
                0x080010a0        0x4 build/obj/crt1.o
                0x080010a0                __core_init
 *fill*         0x080010a4        0xc 
 .text.__late_init
                0x080010b0        0x4 build/obj/crt1.o
                0x080010b0                __late_init
 *fill*         0x080010b4        0xc 
 .text.__default_exit
                0x080010c0        0x4 build/obj/crt1.o
                0x080010c0                __default_exit
 *fill*         0x080010c4        0xc 
 .text.__init_ram_areas
                0x080010d0       0x68 build/obj/crt1.o
                0x080010d0                __init_ram_areas
 *fill*         0x08001138        0x8 
 .text.halInit  0x08001140       0x24 build/obj/hal.o
                0x08001140                halInit
 *fill*         0x08001164        0xc 
 .text.stInit   0x08001170        0x4 build/obj/hal_st.o
                0x08001170                stInit
 *fill*         0x08001174        0xc 
 .text.stStartAlarm
                0x08001180       0x10 build/obj/hal_st.o
                0x08001180                stStartAlarm
 .text.stStopAlarm
                0x08001190        0xc build/obj/hal_st.o
                0x08001190                stStopAlarm
 *fill*         0x0800119c        0x4 
 .text.stSetAlarm
                0x080011a0        0x8 build/obj/hal_st.o
                0x080011a0                stSetAlarm
 *fill*         0x080011a8        0x8 
 .text.canInit  0x080011b0        0x4 build/obj/hal_can.o
                0x080011b0                canInit
 *fill*         0x080011b4        0xc 
 .text.canObjectInit
                0x080011c0       0x3c build/obj/hal_can.o
                0x080011c0                canObjectInit
 *fill*         0x080011fc        0x4 
 .text.canStart
                0x08001200       0x20 build/obj/hal_can.o
                0x08001200                canStart
 .text.canTransmitTimeout
                0x08001220       0x50 build/obj/hal_can.o
                0x08001220                canTransmitTimeout
 .text.canReceiveTimeout
                0x08001270       0x50 build/obj/hal_can.o
                0x08001270                canReceiveTimeout
 .text.uartInit
                0x080012c0        0x4 build/obj/hal_uart.o
                0x080012c0                uartInit
 *fill*         0x080012c4        0xc 
 .text.uartObjectInit
                0x080012d0       0x10 build/obj/hal_uart.o
                0x080012d0                uartObjectInit
 .text.uartStart
                0x080012e0       0x1c build/obj/hal_uart.o
                0x080012e0                uartStart
 *fill*         0x080012fc        0x4 
 .text.uartStartReceive
                0x08001300       0x1c build/obj/hal_uart.o
                0x08001300                uartStartReceive
 *fill*         0x0800131c        0x4 
 .text.uartStopReceive
                0x08001320       0x2c build/obj/hal_uart.o
                0x08001320                uartStopReceive
 *fill*         0x0800134c        0x4 
 .text.nvicEnableVector
                0x08001350       0x34 build/obj/nvic.o
                0x08001350                nvicEnableVector
 *fill*         0x08001384        0xc 
 .text.nvicDisableVector
                0x08001390       0x24 build/obj/nvic.o
                0x08001390                nvicDisableVector
 *fill*         0x080013b4        0xc 
 .text.irqInit  0x080013c0       0x40 build/obj/stm32_isr.o
                0x080013c0                irqInit
 .text.hal_lld_init
                0x08001400       0x50 build/obj/hal_lld.o
                0x08001400                hal_lld_init
 .text.stm32_clock_init
                0x08001450       0x7c build/obj/hal_lld.o
                0x08001450                stm32_clock_init
 *fill*         0x080014cc        0x4 
 .text.can_lld_set_filters.constprop.4
                0x080014d0      0x10c build/obj/hal_can_lld.o
 *fill*         0x080015dc        0x4 
 .text.Vector8C
                0x080015e0       0x70 build/obj/hal_can_lld.o
                0x080015e0                Vector8C
 .text.Vector90
                0x08001650       0x64 build/obj/hal_can_lld.o
                0x08001650                Vector90
 *fill*         0x080016b4        0xc 
 .text.Vector94
                0x080016c0       0x64 build/obj/hal_can_lld.o
                0x080016c0                Vector94
 *fill*         0x08001724        0xc 
 .text.Vector98
                0x08001730       0x60 build/obj/hal_can_lld.o
                0x08001730                Vector98
 .text.can_lld_init
                0x08001790       0x44 build/obj/hal_can_lld.o
                0x08001790                can_lld_init
 *fill*         0x080017d4        0xc 
 .text.can_lld_start
                0x080017e0       0x50 build/obj/hal_can_lld.o
                0x080017e0                can_lld_start
 .text.can_lld_is_tx_empty
                0x08001830       0x40 build/obj/hal_can_lld.o
                0x08001830                can_lld_is_tx_empty
 .text.can_lld_transmit
                0x08001870       0x70 build/obj/hal_can_lld.o
                0x08001870                can_lld_transmit
 .text.can_lld_is_rx_nonempty
                0x080018e0       0x38 build/obj/hal_can_lld.o
                0x080018e0                can_lld_is_rx_nonempty
 *fill*         0x08001918        0x8 
 .text.can_lld_receive
                0x08001920       0xb0 build/obj/hal_can_lld.o
                0x08001920                can_lld_receive
 .text.canSTM32SetFilters
                0x080019d0       0x20 build/obj/hal_can_lld.o
                0x080019d0                canSTM32SetFilters
 .text.Vector6C
                0x080019f0       0x34 build/obj/stm32_dma.o
                0x080019f0                Vector6C
 *fill*         0x08001a24        0xc 
 .text.Vector70
                0x08001a30       0x3c build/obj/stm32_dma.o
                0x08001a30                Vector70
 *fill*         0x08001a6c        0x4 
 .text.Vector74
                0x08001a70       0x3c build/obj/stm32_dma.o
                0x08001a70                Vector74
 *fill*         0x08001aac        0x4 
 .text.Vector78
                0x08001ab0       0x3c build/obj/stm32_dma.o
                0x08001ab0                Vector78
 *fill*         0x08001aec        0x4 
 .text.Vector7C
                0x08001af0       0x3c build/obj/stm32_dma.o
                0x08001af0                Vector7C
 *fill*         0x08001b2c        0x4 
 .text.Vector80
                0x08001b30       0x3c build/obj/stm32_dma.o
                0x08001b30                Vector80
 *fill*         0x08001b6c        0x4 
 .text.Vector84
                0x08001b70       0x3c build/obj/stm32_dma.o
                0x08001b70                Vector84
 *fill*         0x08001bac        0x4 
 .text.dmaInit  0x08001bb0       0x4c build/obj/stm32_dma.o
                0x08001bb0                dmaInit
 *fill*         0x08001bfc        0x4 
 .text.dmaStreamAllocate
                0x08001c00       0x94 build/obj/stm32_dma.o
                0x08001c00                dmaStreamAllocate
 *fill*         0x08001c94        0xc 
 .text.dmaStreamRelease
                0x08001ca0       0x5c build/obj/stm32_dma.o
                0x08001ca0                dmaStreamRelease
 *fill*         0x08001cfc        0x4 
 .text._pal_lld_init
                0x08001d00       0x70 build/obj/hal_pal_lld.o
                0x08001d00                _pal_lld_init
 .text.VectorB0
                0x08001d70       0x2c build/obj/hal_st_lld.o
                0x08001d70                VectorB0
 *fill*         0x08001d9c        0x4 
 .text.st_lld_init
                0x08001da0       0x48 build/obj/hal_st_lld.o
                0x08001da0                st_lld_init
 *fill*         0x08001de8        0x8 
 .text.usart_stop
                0x08001df0       0x3c build/obj/hal_uart_lld.o
 *fill*         0x08001e2c        0x4 
 .text.uart_lld_serve_tx_end_irq
                0x08001e30       0x48 build/obj/hal_uart_lld.o
 *fill*         0x08001e78        0x8 
 .text.uart_lld_serve_rx_end_irq
                0x08001e80       0x7c build/obj/hal_uart_lld.o
 *fill*         0x08001efc        0x4 
 .text.VectorD8
                0x08001f00       0x78 build/obj/hal_uart_lld.o
                0x08001f00                VectorD8
 *fill*         0x08001f78        0x8 
 .text.uart_lld_init
                0x08001f80       0x2c build/obj/hal_uart_lld.o
                0x08001f80                uart_lld_init
 *fill*         0x08001fac        0x4 
 .text.uart_lld_start
                0x08001fb0       0xe4 build/obj/hal_uart_lld.o
                0x08001fb0                uart_lld_start
 *fill*         0x08002094        0xc 
 .text.uart_lld_start_receive
                0x080020a0       0x30 build/obj/hal_uart_lld.o
                0x080020a0                uart_lld_start_receive
 .text.uart_lld_stop_receive
                0x080020d0       0x40 build/obj/hal_uart_lld.o
                0x080020d0                uart_lld_stop_receive
 .text.__early_init
                0x08002110        0x4 build/obj/board.o
                0x08002110                __early_init
 *fill*         0x08002114        0xc 
 .text.boardInit
                0x08002120        0x4 build/obj/board.o
                0x08002120                boardInit
 *fill*         0x08002124        0xc 
 .text._idle_thread
                0x08002130        0x4 build/obj/chsys.o
 *fill*         0x08002134        0xc 
 .text.chSysInit
                0x08002140       0x94 build/obj/chsys.o
                0x08002140                chSysInit
 *fill*         0x080021d4        0xc 
 .text.chSysHalt
                0x080021e0        0xc build/obj/chsys.o
                0x080021e0                chSysHalt
 *fill*         0x080021ec        0x4 
 .text.chSysTimerHandlerI
                0x080021f0       0x9c build/obj/chsys.o
                0x080021f0                chSysTimerHandlerI
 *fill*         0x0800228c        0x4 
 .text._vt_init
                0x08002290       0x1c build/obj/chvt.o
                0x08002290                _vt_init
 *fill*         0x080022ac        0x4 
 .text.chVTDoSetI
                0x080022b0       0xc0 build/obj/chvt.o
                0x080022b0                chVTDoSetI
 .text.chVTDoResetI
                0x08002370       0x7c build/obj/chvt.o
                0x08002370                chVTDoResetI
 *fill*         0x080023ec        0x4 
 .text.wakeup   0x080023f0       0x70 build/obj/chschd.o
 .text._scheduler_init
                0x08002460       0x14 build/obj/chschd.o
                0x08002460                _scheduler_init
 *fill*         0x08002474        0xc 
 .text.chSchReadyI
                0x08002480       0x28 build/obj/chschd.o
                0x08002480                chSchReadyI
 *fill*         0x080024a8        0x8 
 .text.chSchGoSleepS
                0x080024b0       0x28 build/obj/chschd.o
                0x080024b0                chSchGoSleepS
 *fill*         0x080024d8        0x8 
 .text.chSchGoSleepTimeoutS
                0x080024e0       0x44 build/obj/chschd.o
                0x080024e0                chSchGoSleepTimeoutS
 *fill*         0x08002524        0xc 
 .text.chSchWakeupS
                0x08002530       0x60 build/obj/chschd.o
                0x08002530                chSchWakeupS
 .text.chSchIsPreemptionRequired
                0x08002590       0x18 build/obj/chschd.o
                0x08002590                chSchIsPreemptionRequired
 *fill*         0x080025a8        0x8 
 .text.chSchDoRescheduleAhead
                0x080025b0       0x40 build/obj/chschd.o
                0x080025b0                chSchDoRescheduleAhead
 .text.chSchDoReschedule
                0x080025f0        0x4 build/obj/chschd.o
                0x080025f0                chSchDoReschedule
 *fill*         0x080025f4        0xc 
 .text._thread_init
                0x08002600       0x40 build/obj/chthreads.o
                0x08002600                _thread_init
 .text.chThdCreateSuspendedI
                0x08002640       0x74 build/obj/chthreads.o
                0x08002640                chThdCreateSuspendedI
 *fill*         0x080026b4        0xc 
 .text.chThdCreate
                0x080026c0       0x20 build/obj/chthreads.o
                0x080026c0                chThdCreate
 .text.chThdCreateStatic
                0x080026e0       0x74 build/obj/chthreads.o
                0x080026e0                chThdCreateStatic
 *fill*         0x08002754        0xc 
 .text.chThdExitS
                0x08002760       0x48 build/obj/chthreads.o
                0x08002760                chThdExitS
 *fill*         0x080027a8        0x8 
 .text.chThdExit
                0x080027b0        0xc build/obj/chthreads.o
                0x080027b0                chThdExit
 *fill*         0x080027bc        0x4 
 .text.chThdSleep
                0x080027c0       0x18 build/obj/chthreads.o
                0x080027c0                chThdSleep
 *fill*         0x080027d8        0x8 
 .text.chThdSuspendTimeoutS
                0x080027e0       0x1c build/obj/chthreads.o
                0x080027e0                chThdSuspendTimeoutS
 *fill*         0x080027fc        0x4 
 .text.chThdResumeI
                0x08002800       0x18 build/obj/chthreads.o
                0x08002800                chThdResumeI
 *fill*         0x08002818        0x8 
 .text.chThdEnqueueTimeoutS
                0x08002820       0x28 build/obj/chthreads.o
                0x08002820                chThdEnqueueTimeoutS
 *fill*         0x08002848        0x8 
 .text.chThdDequeueAllI
                0x08002850       0x24 build/obj/chthreads.o
                0x08002850                chThdDequeueAllI
 *fill*         0x08002874        0xc 
 .text.chMtxObjectInit
                0x08002880        0xc build/obj/chmtx.o
                0x08002880                chMtxObjectInit
 *fill*         0x0800288c        0x4 
 .text.chEvtRegisterMaskWithFlags
                0x08002890       0x28 build/obj/chevents.o
                0x08002890                chEvtRegisterMaskWithFlags
 *fill*         0x080028b8        0x8 
 .text.chEvtUnregister
                0x080028c0       0x2c build/obj/chevents.o
                0x080028c0                chEvtUnregister
 *fill*         0x080028ec        0x4 
 .text.chEvtSignalI
                0x080028f0       0x30 build/obj/chevents.o
                0x080028f0                chEvtSignalI
 .text.chEvtBroadcastFlagsI
                0x08002920       0x2c build/obj/chevents.o
                0x08002920                chEvtBroadcastFlagsI
 *fill*         0x0800294c        0x4 
 .text.chEvtWaitAnyTimeout
                0x08002950       0x48 build/obj/chevents.o
                0x08002950                chEvtWaitAnyTimeout
 *fill*         0x08002998        0x8 
 .text._core_init
                0x080029a0       0x18 build/obj/chmemcore.o
                0x080029a0                _core_init
 *fill*         0x080029b8        0x8 
 .text.chCoreAllocAlignedWithOffsetI
                0x080029c0       0x34 build/obj/chmemcore.o
                0x080029c0                chCoreAllocAlignedWithOffsetI
 *fill*         0x080029f4        0xc 
 .text.chCoreAllocAlignedWithOffset
                0x08002a00       0x44 build/obj/chmemcore.o
                0x08002a00                chCoreAllocAlignedWithOffset
 *fill*         0x08002a44        0xc 
 .text._heap_init
                0x08002a50       0x1c build/obj/chmemheaps.o
                0x08002a50                _heap_init
 *fill*         0x08002a6c        0x4 
 .text.chPoolObjectInitAligned
                0x08002a70       0x10 build/obj/chmempools.o
                0x08002a70                chPoolObjectInitAligned
 .text.chCoreAllocAlignedI
                0x08002a80        0x8 build/obj/chfactory.o
 *fill*         0x08002a88        0x8 
 .text._factory_init
                0x08002a90       0x50 build/obj/chfactory.o
                0x08002a90                _factory_init
 .text.SVC_Handler
                0x08002ae0       0x14 build/obj/chcore_v7m.o
                0x08002ae0                SVC_Handler
 *fill*         0x08002af4        0xc 
 .text._port_irq_epilogue
                0x08002b00       0x50 build/obj/chcore_v7m.o
                0x08002b00                _port_irq_epilogue
 .text.motor_ctrl_thread
                0x08002b50      0x234 build/obj/main.o
 *fill*         0x08002d84        0xc 
 .text.startup.main
                0x08002d90       0x54 build/obj/main.o
                0x08002d90                main
 *fill*         0x08002de4        0xc 
 .text.uart_dbus_thread
                0x08002df0       0xe4 build/obj/dbus.o
 *fill*         0x08002ed4        0xc 
 .text.rxend    0x08002ee0       0x1c build/obj/dbus.o
 *fill*         0x08002efc        0x4 
 .text.RC_get   0x08002f00        0x8 build/obj/dbus.o
                0x08002f00                RC_get
 *fill*         0x08002f08        0x8 
 .text.RC_init  0x08002f10       0x4c build/obj/dbus.o
                0x08002f10                RC_init
 *fill*         0x08002f5c        0x4 
 .text.can_processEncoder
                0x08002f60       0x80 build/obj/canBusProcess.o
 .text.can_rx   0x08002fe0       0xb4 build/obj/canBusProcess.o
 *fill*         0x08003094        0xc 
 .text.can_getEncoder
                0x080030a0        0x8 build/obj/canBusProcess.o
                0x080030a0                can_getEncoder
 *fill*         0x080030a8        0x8 
 .text.can_motorSetCurrent
                0x080030b0       0x6c build/obj/canBusProcess.o
                0x080030b0                can_motorSetCurrent
 *fill*         0x0800311c        0x4 
 .text.can_processInit
                0x08003120       0x80 build/obj/canBusProcess.o
                0x08003120                can_processInit
 .text.memset   0x080031a0       0x94 c:/chibistudio/tools/gnu tools arm embedded/7.0 2017q4/bin/../lib/gcc/arm-none-eabi/7.2.1/../../../../arm-none-eabi/lib/thumb/v7-m\libg.a(lib_a-memset.o)
                0x080031a0                memset
 *(.glue_7t)
 .glue_7t       0x08003234        0x0 linker stubs
 *(.glue_7)
 .glue_7        0x08003234        0x0 linker stubs
 *(.gcc*)
                0x08003234                __text_end = .

.vfp11_veneer   0x08003234        0x0
 .vfp11_veneer  0x08003234        0x0 linker stubs

.v4_bx          0x08003234        0x0
 .v4_bx         0x08003234        0x0 linker stubs

.iplt           0x08003234        0x0
 .iplt          0x08003234        0x0 build/obj/crt0_v7m.o

.rodata         0x08003234      0x1a4
                0x08003234                __rodata_base__ = .
 *(.rodata)
 *(.rodata.*)
 .rodata.ram_areas
                0x08003234       0x80 build/obj/crt1.o
 .rodata._stm32_dma_streams
                0x080032b4       0x70 build/obj/stm32_dma.o
                0x080032b4                _stm32_dma_streams
 .rodata.uart_lld_serve_tx_end_irq.str1.4
                0x08003324        0xc build/obj/hal_uart_lld.o
 .rodata.pal_default_config
                0x08003330       0x3c build/obj/board.o
                0x08003330                pal_default_config
 .rodata.idle_descriptor.6282
                0x0800336c       0x18 build/obj/chsys.o
 .rodata.str1.4
                0x08003384        0x5 build/obj/chsys.o
 *fill*         0x08003389        0x3 
 .rodata.chThdCreateStatic.str1.4
                0x0800338c        0x7 build/obj/chthreads.o
 *fill*         0x08003393        0x1 
 .rodata.ch_debug
                0x08003394       0x16 build/obj/chregistry.o
                0x08003394                ch_debug
 *fill*         0x080033aa        0x2 
 .rodata.uart_dbus_thread.str1.4
                0x080033ac       0x13 build/obj/dbus.o
 *fill*         0x080033bf        0x1 
 .rodata.can_rx.str1.4
                0x080033c0       0x10 build/obj/canBusProcess.o
                                  0xd (size before relaxing)
 .rodata.cancfg
                0x080033d0        0x8 build/obj/canBusProcess.o
                0x080033d8                . = ALIGN (0x4)
                0x080033d8                __rodata_end__ = .

.rel.dyn        0x080033d8        0x0
 .rel.iplt      0x080033d8        0x0 build/obj/crt0_v7m.o

.ARM.extab
 *(.ARM.extab* .gnu.linkonce.armextab.*)

.ARM.exidx      0x080033d8        0x0
                0x080033d8                __exidx_start = .
 *(.ARM.exidx* .gnu.linkonce.armexidx.*)
                0x080033d8                __exidx_end = .

.eh_frame_hdr
 *(.eh_frame_hdr)

.eh_frame
 *(.eh_frame)

.data           0x20000800       0x20 load address 0x080033d8
                [!provide]                PROVIDE (_textdata, LOADADDR (.data))
                [!provide]                PROVIDE (_data, .)
                0x080033d8                _textdata_start = LOADADDR (.data)
                0x20000800                _data_start = .
 *(.data)
 *(.data.*)
 .data.uart_cfg
                0x20000800       0x20 build/obj/dbus.o
 *(.ramtext)
                0x20000820                . = ALIGN (0x4)
                [!provide]                PROVIDE (_edata, .)
                0x20000820                _data_end = .

.igot.plt       0x20000820        0x0 load address 0x080033f8
 .igot.plt      0x20000820        0x0 build/obj/crt0_v7m.o

.bss            0x20000820      0xbb0 load address 0x080033f8
                0x20000820                _bss_start = .
 *(.bss)
 *(.bss.*)
 .bss.CAND1     0x20000820       0x30 build/obj/hal_can_lld.o
                0x20000820                CAND1
 .bss._stm32_dma_isr_redir
                0x20000850       0x38 build/obj/stm32_dma.o
                0x20000850                _stm32_dma_isr_redir
 .bss.dma       0x20000888        0x8 build/obj/stm32_dma.o
 .bss.UARTD2    0x20000890       0x1c build/obj/hal_uart_lld.o
                0x20000890                UARTD2
 *fill*         0x200008ac        0x4 
 .bss.ch_idle_thread_wa
                0x200008b0       0xd8 build/obj/chsys.o
                0x200008b0                ch_idle_thread_wa
 .bss.ch        0x20000988       0x74 build/obj/chschd.o
                0x20000988                ch
 .bss.ch_memcore
                0x200009fc        0x8 build/obj/chmemcore.o
                0x200009fc                ch_memcore
 .bss.default_heap
                0x20000a04       0x1c build/obj/chmemheaps.o
 .bss.ch_factory
                0x20000a20       0x44 build/obj/chfactory.o
                0x20000a20                ch_factory
 *fill*         0x20000a64        0x4 
 .bss.motor_ctrl_thread_wa
                0x20000a68      0x2c8 build/obj/main.o
 .bss.motor_error_der.7961
                0x20000d30       0x10 build/obj/main.o
 .bss.motor_error_int.7960
                0x20000d40       0x10 build/obj/main.o
 .bss.motor_output
                0x20000d50        0x8 build/obj/main.o
 .bss.motor_speed_sp
                0x20000d58        0x8 build/obj/main.o
 .bss.previous_error.7962
                0x20000d60        0x8 build/obj/main.o
 .bss.rc        0x20000d68        0x4 build/obj/main.o
 .bss.RC_Ctl    0x20000d6c        0xa build/obj/dbus.o
 .bss.rc_state  0x20000d76        0x1 build/obj/dbus.o
 *fill*         0x20000d77        0x1 
 .bss.rxbuf     0x20000d78       0x12 build/obj/dbus.o
 *fill*         0x20000d8a        0x2 
 .bss.uart_dbus_thread_handler
                0x20000d8c        0x4 build/obj/dbus.o
 .bss.uart_dbus_thread_wa
                0x20000d90      0x2c8 build/obj/dbus.o
 .bss._encoder  0x20001058       0x60 build/obj/canBusProcess.o
 .bss.can_rx1_wa
                0x200010b8      0x1c8 build/obj/canBusProcess.o
 .bss.canfilter
                0x20001280      0x150 build/obj/canBusProcess.o
 *(COMMON)
                0x200013d0                . = ALIGN (0x4)
                0x200013d0                _bss_end = .
                [!provide]                PROVIDE (end, .)
                0x20000000                __ram0_start__ = ORIGIN (ram0)
                0x00005000                __ram0_size__ = LENGTH (ram0)
                0x20005000                __ram0_end__ = (__ram0_start__ + __ram0_size__)
                0x00000000                __ram1_start__ = ORIGIN (ram1)
                0x00000000                __ram1_size__ = LENGTH (ram1)
                0x00000000                __ram1_end__ = (__ram1_start__ + __ram1_size__)
                0x00000000                __ram2_start__ = ORIGIN (ram2)
                0x00000000                __ram2_size__ = LENGTH (ram2)
                0x00000000                __ram2_end__ = (__ram2_start__ + __ram2_size__)
                0x00000000                __ram3_start__ = ORIGIN (ram3)
                0x00000000                __ram3_size__ = LENGTH (ram3)
                0x00000000                __ram3_end__ = (__ram3_start__ + __ram3_size__)
                0x00000000                __ram4_start__ = ORIGIN (ram4)
                0x00000000                __ram4_size__ = LENGTH (ram4)
                0x00000000                __ram4_end__ = (__ram4_start__ + __ram4_size__)
                0x00000000                __ram5_start__ = ORIGIN (ram5)
                0x00000000                __ram5_size__ = LENGTH (ram5)
                0x00000000                __ram5_end__ = (__ram5_start__ + __ram5_size__)
                0x00000000                __ram6_start__ = ORIGIN (ram6)
                0x00000000                __ram6_size__ = LENGTH (ram6)
                0x00000000                __ram6_end__ = (__ram6_start__ + __ram6_size__)
                0x00000000                __ram7_start__ = ORIGIN (ram7)
                0x00000000                __ram7_size__ = LENGTH (ram7)
                0x00000000                __ram7_end__ = (__ram7_start__ + __ram7_size__)
                0x08000000                __flash0_start__ = ORIGIN (flash0)
                0x00010000                __flash0_size__ = LENGTH (flash0)
                0x08010000                __flash0_end__ = (__flash0_start__ + __flash0_size__)
                0x00000000                __flash1_start__ = ORIGIN (flash1)
                0x00000000                __flash1_size__ = LENGTH (flash1)
                0x00000000                __flash1_end__ = (__flash1_start__ + __flash1_size__)
                0x00000000                __flash2_start__ = ORIGIN (flash2)
                0x00000000                __flash2_size__ = LENGTH (flash2)
                0x00000000                __flash2_end__ = (__flash2_start__ + __flash2_size__)
                0x00000000                __flash3_start__ = ORIGIN (flash3)
                0x00000000                __flash3_size__ = LENGTH (flash3)
                0x00000000                __flash3_end__ = (__flash3_start__ + __flash3_size__)
                0x00000000                __flash4_start__ = ORIGIN (flash4)
                0x00000000                __flash4_size__ = LENGTH (flash4)
                0x00000000                __flash4_end__ = (__flash4_start__ + __flash4_size__)
                0x00000000                __flash5_start__ = ORIGIN (flash5)
                0x00000000                __flash5_size__ = LENGTH (flash5)
                0x00000000                __flash5_end__ = (__flash5_start__ + __flash5_size__)
                0x00000000                __flash6_start__ = ORIGIN (flash6)
                0x00000000                __flash6_size__ = LENGTH (flash6)
                0x00000000                __flash6_end__ = (__flash6_start__ + __flash6_size__)
                0x00000000                __flash7_start__ = ORIGIN (flash7)
                0x00000000                __flash7_size__ = LENGTH (flash7)
                0x00000000                __flash7_end__ = (__flash7_start__ + __flash7_size__)

.ram0_init      0x200013d0        0x0 load address 0x080033f8
                0x080033f8                __ram0_init_text__ = LOADADDR (.ram0_init)
                0x200013d0                __ram0_init__ = .
 *(.ram0_init)
 *(.ram0_init.*)
                0x200013d0                . = ALIGN (0x4)

.ram0           0x200013d0        0x0 load address 0x080033f8
                0x200013d0                __ram0_clear__ = .
 *(.ram0_clear)
 *(.ram0_clear.*)
                0x200013d0                . = ALIGN (0x4)
                0x200013d0                __ram0_noinit__ = .
 *(.ram0)
 *(.ram0.*)
                0x200013d0                . = ALIGN (0x4)
                0x200013d0                __ram0_free__ = .

.ram1_init      0x00000000        0x0 load address 0x080033f8
                0x080033f8                __ram1_init_text__ = LOADADDR (.ram1_init)
                0x00000000                __ram1_init__ = .
 *(.ram1_init)
 *(.ram1_init.*)
                0x00000000                . = ALIGN (0x4)

.ram1           0x00000000        0x0 load address 0x080033f8
                0x00000000                __ram1_clear__ = .
 *(.ram1_clear)
 *(.ram1_clear.*)
                0x00000000                . = ALIGN (0x4)
                0x00000000                __ram1_noinit__ = .
 *(.ram1)
 *(.ram1.*)
                0x00000000                . = ALIGN (0x4)
                0x00000000                __ram1_free__ = .

.ram2_init      0x00000000        0x0 load address 0x080033f8
                0x080033f8                __ram2_init_text__ = LOADADDR (.ram2_init)
                0x00000000                __ram2_init__ = .
 *(.ram2_init)
 *(.ram2_init.*)
                0x00000000                . = ALIGN (0x4)

.ram2           0x00000000        0x0 load address 0x080033f8
                0x00000000                __ram2_clear__ = .
 *(.ram2_clear)
 *(.ram2_clear.*)
                0x00000000                . = ALIGN (0x4)
                0x00000000                __ram2_noinit__ = .
 *(.ram2)
 *(.ram2.*)
                0x00000000                . = ALIGN (0x4)
                0x00000000                __ram2_free__ = .

.ram3_init      0x00000000        0x0 load address 0x080033f8
                0x080033f8                __ram3_init_text__ = LOADADDR (.ram3_init)
                0x00000000                __ram3_init__ = .
 *(.ram3_init)
 *(.ram3_init.*)
                0x00000000                . = ALIGN (0x4)

.ram3           0x00000000        0x0 load address 0x080033f8
                0x00000000                __ram3_clear__ = .
 *(.ram3_clear)
 *(.ram3_clear.*)
                0x00000000                . = ALIGN (0x4)
                0x00000000                __ram3_noinit__ = .
 *(.ram3)
 *(.ram3.*)
                0x00000000                . = ALIGN (0x4)
                0x00000000                __ram3_free__ = .

.ram4_init      0x00000000        0x0 load address 0x080033f8
                0x080033f8                __ram4_init_text__ = LOADADDR (.ram4_init)
                0x00000000                __ram4_init__ = .
 *(.ram4_init)
 *(.ram4_init.*)
                0x00000000                . = ALIGN (0x4)

.ram4           0x00000000        0x0 load address 0x080033f8
                0x00000000                __ram4_clear__ = .
 *(.ram4_clear)
 *(.ram4_clear.*)
                0x00000000                . = ALIGN (0x4)
                0x00000000                __ram4_noinit__ = .
 *(.ram4)
 *(.ram4.*)
                0x00000000                . = ALIGN (0x4)
                0x00000000                __ram4_free__ = .

.ram5_init      0x00000000        0x0 load address 0x080033f8
                0x080033f8                __ram5_init_text__ = LOADADDR (.ram5_init)
                0x00000000                __ram5_init__ = .
 *(.ram5_init)
 *(.ram5_init.*)
                0x00000000                . = ALIGN (0x4)

.ram5           0x00000000        0x0 load address 0x080033f8
                0x00000000                __ram5_clear__ = .
 *(.ram5_clear)
 *(.ram5_clear.*)
                0x00000000                . = ALIGN (0x4)
                0x00000000                __ram5_noinit__ = .
 *(.ram5)
 *(.ram5.*)
                0x00000000                . = ALIGN (0x4)
                0x00000000                __ram5_free__ = .

.ram6_init      0x00000000        0x0 load address 0x080033f8
                0x080033f8                __ram6_init_text__ = LOADADDR (.ram6_init)
                0x00000000                __ram6_init__ = .
 *(.ram6_init)
 *(.ram6_init.*)
                0x00000000                . = ALIGN (0x4)

.ram6           0x00000000        0x0 load address 0x080033f8
                0x00000000                __ram6_clear__ = .
 *(.ram6_clear)
 *(.ram6_clear.*)
                0x00000000                . = ALIGN (0x4)
                0x00000000                __ram6_noinit__ = .
 *(.ram6)
 *(.ram6.*)
                0x00000000                . = ALIGN (0x4)
                0x00000000                __ram6_free__ = .

.ram7_init      0x00000000        0x0 load address 0x080033f8
                0x080033f8                __ram7_init_text__ = LOADADDR (.ram7_init)
                0x00000000                __ram7_init__ = .
 *(.ram7_init)
 *(.ram7_init.*)
                0x00000000                . = ALIGN (0x4)

.ram7           0x00000000        0x0 load address 0x080033f8
                0x00000000                __ram7_clear__ = .
 *(.ram7_clear)
 *(.ram7_clear.*)
                0x00000000                . = ALIGN (0x4)
                0x00000000                __ram7_noinit__ = .
 *(.ram7)
 *(.ram7.*)
                0x00000000                . = ALIGN (0x4)
                0x00000000                __ram7_free__ = .

.flash0         0x080033f8        0x0
                0x080033f8                __flash0_init__ = .
 *(.flash0_init)
 *(.flash0_init.*)
                0x080033f8                __flash0_free__ = .

.flash1         0x00000000        0x0
                0x00000000                __flash1_init__ = .
 *(.flash1_init)
 *(.flash1_init.*)
                0x00000000                __flash1_free__ = .

.flash2         0x00000000        0x0
                0x00000000                __flash2_init__ = .
 *(.flash2_init)
 *(.flash2_init.*)
                0x00000000                __flash2_free__ = .

.flash3         0x00000000        0x0
                0x00000000                __flash3_init__ = .
 *(.flash3_init)
 *(.flash3_init.*)
                0x00000000                __flash3_free__ = .

.flash4         0x00000000        0x0
                0x00000000                __flash4_init__ = .
 *(.flash4_init)
 *(.flash4_init.*)
                0x00000000                __flash4_free__ = .

.flash5         0x00000000        0x0
                0x00000000                __flash5_init__ = .
 *(.flash5_init)
 *(.flash5_init.*)
                0x00000000                __flash5_free__ = .

.flash6         0x00000000        0x0
                0x00000000                __flash6_init__ = .
 *(.flash6_init)
 *(.flash6_init.*)
                0x00000000                __flash6_free__ = .

.flash7         0x00000000        0x0
                0x00000000                __flash7_init__ = .
 *(.flash7_init)
 *(.flash7_init.*)
                0x00000000                __flash7_free__ = .

.heap           0x200013d0     0x3c30
                0x200013d0                . = ALIGN (0x8)
                0x200013d0                __heap_base__ = .
                0x20005000                . = (ORIGIN (HEAP_RAM) + LENGTH (HEAP_RAM))
 *fill*         0x200013d0     0x3c30 
                0x20005000                __heap_end__ = .
                0x00000400                __process_stack_size__ = 0x400
                0x00000400                __main_stack_size__ = 0x400
START GROUP
LOAD c:/chibistudio/tools/gnu tools arm embedded/7.0 2017q4/bin/../lib/gcc/arm-none-eabi/7.2.1/thumb/v7-m\libgcc.a
LOAD c:/chibistudio/tools/gnu tools arm embedded/7.0 2017q4/bin/../lib/gcc/arm-none-eabi/7.2.1/../../../../arm-none-eabi/lib/thumb/v7-m\libg.a
LOAD c:/chibistudio/tools/gnu tools arm embedded/7.0 2017q4/bin/../lib/gcc/arm-none-eabi/7.2.1/../../../../arm-none-eabi/lib/thumb/v7-m\libc.a
END GROUP
START GROUP
LOAD c:/chibistudio/tools/gnu tools arm embedded/7.0 2017q4/bin/../lib/gcc/arm-none-eabi/7.2.1/thumb/v7-m\libgcc.a
LOAD c:/chibistudio/tools/gnu tools arm embedded/7.0 2017q4/bin/../lib/gcc/arm-none-eabi/7.2.1/../../../../arm-none-eabi/lib/thumb/v7-m\libc.a
LOAD c:/chibistudio/tools/gnu tools arm embedded/7.0 2017q4/bin/../lib/gcc/arm-none-eabi/7.2.1/../../../../arm-none-eabi/lib/thumb/v7-m\libnosys.a
END GROUP
OUTPUT(build/RMInternalDev.elf elf32-littlearm)

.ARM.attributes
                0x00000000       0x2f
 .ARM.attributes
                0x00000000       0x21 build/obj/crt0_v7m.o
 .ARM.attributes
                0x00000021       0x21 build/obj/vectors.o
 .ARM.attributes
                0x00000042       0x21 build/obj/chcoreasm_v7m.o
 .ARM.attributes
                0x00000063       0x33 build/obj/crt1.o
 .ARM.attributes
                0x00000096       0x33 build/obj/hal.o
 .ARM.attributes
                0x000000c9       0x33 build/obj/hal_st.o
 .ARM.attributes
                0x000000fc       0x33 build/obj/hal_can.o
 .ARM.attributes
                0x0000012f       0x33 build/obj/hal_uart.o
 .ARM.attributes
                0x00000162       0x33 build/obj/nvic.o
 .ARM.attributes
                0x00000195       0x33 build/obj/stm32_isr.o
 .ARM.attributes
                0x000001c8       0x33 build/obj/hal_lld.o
 .ARM.attributes
                0x000001fb       0x33 build/obj/hal_can_lld.o
 .ARM.attributes
                0x0000022e       0x33 build/obj/stm32_dma.o
 .ARM.attributes
                0x00000261       0x33 build/obj/hal_pal_lld.o
 .ARM.attributes
                0x00000294       0x33 build/obj/hal_st_lld.o
 .ARM.attributes
                0x000002c7       0x33 build/obj/hal_uart_lld.o
 .ARM.attributes
                0x000002fa       0x33 build/obj/board.o
 .ARM.attributes
                0x0000032d       0x33 build/obj/chsys.o
 .ARM.attributes
                0x00000360       0x33 build/obj/chvt.o
 .ARM.attributes
                0x00000393       0x33 build/obj/chschd.o
 .ARM.attributes
                0x000003c6       0x33 build/obj/chthreads.o
 .ARM.attributes
                0x000003f9       0x33 build/obj/chregistry.o
 .ARM.attributes
                0x0000042c       0x33 build/obj/chmtx.o
 .ARM.attributes
                0x0000045f       0x33 build/obj/chevents.o
 .ARM.attributes
                0x00000492       0x33 build/obj/chmemcore.o
 .ARM.attributes
                0x000004c5       0x33 build/obj/chmemheaps.o
 .ARM.attributes
                0x000004f8       0x33 build/obj/chmempools.o
 .ARM.attributes
                0x0000052b       0x33 build/obj/chfactory.o
 .ARM.attributes
                0x0000055e       0x33 build/obj/chcore_v7m.o
 .ARM.attributes
                0x00000591       0x33 build/obj/main.o
 .ARM.attributes
                0x000005c4       0x33 build/obj/dbus.o
 .ARM.attributes
                0x000005f7       0x33 build/obj/canBusProcess.o
 .ARM.attributes
                0x0000062a       0x1d c:/chibistudio/tools/gnu tools arm embedded/7.0 2017q4/bin/../lib/gcc/arm-none-eabi/7.2.1/thumb/v7-m\libgcc.a(_arm_addsubdf3.o)
 .ARM.attributes
                0x00000647       0x1d c:/chibistudio/tools/gnu tools arm embedded/7.0 2017q4/bin/../lib/gcc/arm-none-eabi/7.2.1/thumb/v7-m\libgcc.a(_arm_muldivdf3.o)
 .ARM.attributes
                0x00000664       0x1d c:/chibistudio/tools/gnu tools arm embedded/7.0 2017q4/bin/../lib/gcc/arm-none-eabi/7.2.1/thumb/v7-m\libgcc.a(_arm_truncdfsf2.o)
 .ARM.attributes
                0x00000681       0x1d c:/chibistudio/tools/gnu tools arm embedded/7.0 2017q4/bin/../lib/gcc/arm-none-eabi/7.2.1/thumb/v7-m\libgcc.a(_arm_addsubsf3.o)
 .ARM.attributes
                0x0000069e       0x1d c:/chibistudio/tools/gnu tools arm embedded/7.0 2017q4/bin/../lib/gcc/arm-none-eabi/7.2.1/thumb/v7-m\libgcc.a(_arm_muldivsf3.o)
 .ARM.attributes
                0x000006bb       0x1d c:/chibistudio/tools/gnu tools arm embedded/7.0 2017q4/bin/../lib/gcc/arm-none-eabi/7.2.1/thumb/v7-m\libgcc.a(_arm_cmpsf2.o)
 .ARM.attributes
                0x000006d8       0x1d c:/chibistudio/tools/gnu tools arm embedded/7.0 2017q4/bin/../lib/gcc/arm-none-eabi/7.2.1/thumb/v7-m\libgcc.a(_arm_fixsfsi.o)
 .ARM.attributes
                0x000006f5       0x2d c:/chibistudio/tools/gnu tools arm embedded/7.0 2017q4/bin/../lib/gcc/arm-none-eabi/7.2.1/../../../../arm-none-eabi/lib/thumb/v7-m\libg.a(lib_a-memset.o)

.comment        0x00000000       0x7e
 .comment       0x00000000       0x7e build/obj/crt1.o
                                 0x7f (size before relaxing)
 .comment       0x0000007e       0x7f build/obj/hal.o
 .comment       0x0000007e       0x7f build/obj/hal_st.o
 .comment       0x0000007e       0x7f build/obj/hal_can.o
 .comment       0x0000007e       0x7f build/obj/hal_uart.o
 .comment       0x0000007e       0x7f build/obj/nvic.o
 .comment       0x0000007e       0x7f build/obj/stm32_isr.o
 .comment       0x0000007e       0x7f build/obj/hal_lld.o
 .comment       0x0000007e       0x7f build/obj/hal_can_lld.o
 .comment       0x0000007e       0x7f build/obj/stm32_dma.o
 .comment       0x0000007e       0x7f build/obj/hal_pal_lld.o
 .comment       0x0000007e       0x7f build/obj/hal_st_lld.o
 .comment       0x0000007e       0x7f build/obj/hal_uart_lld.o
 .comment       0x0000007e       0x7f build/obj/board.o
 .comment       0x0000007e       0x7f build/obj/chsys.o
 .comment       0x0000007e       0x7f build/obj/chvt.o
 .comment       0x0000007e       0x7f build/obj/chschd.o
 .comment       0x0000007e       0x7f build/obj/chthreads.o
 .comment       0x0000007e       0x7f build/obj/chregistry.o
 .comment       0x0000007e       0x7f build/obj/chmtx.o
 .comment       0x0000007e       0x7f build/obj/chevents.o
 .comment       0x0000007e       0x7f build/obj/chmemcore.o
 .comment       0x0000007e       0x7f build/obj/chmemheaps.o
 .comment       0x0000007e       0x7f build/obj/chmempools.o
 .comment       0x0000007e       0x7f build/obj/chfactory.o
 .comment       0x0000007e       0x7f build/obj/chcore_v7m.o
 .comment       0x0000007e       0x7f build/obj/main.o
 .comment       0x0000007e       0x7f build/obj/dbus.o
 .comment       0x0000007e       0x7f build/obj/canBusProcess.o

.debug_line     0x00000000     0x98c3
 .debug_line    0x00000000       0xbf build/obj/crt0_v7m.o
 .debug_line    0x000000bf       0x69 build/obj/vectors.o
 .debug_line    0x00000128       0x7b build/obj/chcoreasm_v7m.o
 .debug_line    0x000001a3      0x1c4 build/obj/crt1.o
 .debug_line    0x00000367      0x484 build/obj/hal.o
 .debug_line    0x000007eb      0x4c7 build/obj/hal_st.o
 .debug_line    0x00000cb2      0x678 build/obj/hal_can.o
 .debug_line    0x0000132a      0x629 build/obj/hal_uart.o
 .debug_line    0x00001953      0x469 build/obj/nvic.o
 .debug_line    0x00001dbc      0x472 build/obj/stm32_isr.o
 .debug_line    0x0000222e      0x49a build/obj/hal_lld.o
 .debug_line    0x000026c8      0x76a build/obj/hal_can_lld.o
 .debug_line    0x00002e32      0x5bd build/obj/stm32_dma.o
 .debug_line    0x000033ef      0x477 build/obj/hal_pal_lld.o
 .debug_line    0x00003866      0x4ed build/obj/hal_st_lld.o
 .debug_line    0x00003d53      0x675 build/obj/hal_uart_lld.o
 .debug_line    0x000043c8      0x449 build/obj/board.o
 .debug_line    0x00004811      0x5d6 build/obj/chsys.o
 .debug_line    0x00004de7      0x498 build/obj/chvt.o
 .debug_line    0x0000527f      0x56e build/obj/chschd.o
 .debug_line    0x000057ed      0x8fc build/obj/chthreads.o
 .debug_line    0x000060e9      0x530 build/obj/chregistry.o
 .debug_line    0x00006619      0x5f1 build/obj/chmtx.o
 .debug_line    0x00006c0a      0x61f build/obj/chevents.o
 .debug_line    0x00007229      0x384 build/obj/chmemcore.o
 .debug_line    0x000075ad      0x41e build/obj/chmemheaps.o
 .debug_line    0x000079cb      0x4ce build/obj/chmempools.o
 .debug_line    0x00007e99      0x6dc build/obj/chfactory.o
 .debug_line    0x00008575      0x35e build/obj/chcore_v7m.o
 .debug_line    0x000088d3      0x54e build/obj/main.o
 .debug_line    0x00008e21      0x4f3 build/obj/dbus.o
 .debug_line    0x00009314      0x5af build/obj/canBusProcess.o

.debug_info     0x00000000    0x29d99
 .debug_info    0x00000000       0x26 build/obj/crt0_v7m.o
 .debug_info    0x00000026       0x26 build/obj/vectors.o
 .debug_info    0x0000004c       0x26 build/obj/chcoreasm_v7m.o
 .debug_info    0x00000072      0x366 build/obj/crt1.o
 .debug_info    0x000003d8     0x12e1 build/obj/hal.o
 .debug_info    0x000016b9     0x1503 build/obj/hal_st.o
 .debug_info    0x00002bbc     0x22c6 build/obj/hal_can.o
 .debug_info    0x00004e82     0x1b8f build/obj/hal_uart.o
 .debug_info    0x00006a11     0x15d5 build/obj/nvic.o
 .debug_info    0x00007fe6     0x14f7 build/obj/stm32_isr.o
 .debug_info    0x000094dd     0x140b build/obj/hal_lld.o
 .debug_info    0x0000a8e8     0x24c9 build/obj/hal_can_lld.o
 .debug_info    0x0000cdb1     0x169d build/obj/stm32_dma.o
 .debug_info    0x0000e44e     0x146a build/obj/hal_pal_lld.o
 .debug_info    0x0000f8b8     0x1613 build/obj/hal_st_lld.o
 .debug_info    0x00010ecb     0x190d build/obj/hal_uart_lld.o
 .debug_info    0x000127d8     0x1290 build/obj/board.o
 .debug_info    0x00013a68     0x1af4 build/obj/chsys.o
 .debug_info    0x0001555c      0xe54 build/obj/chvt.o
 .debug_info    0x000163b0     0x1128 build/obj/chschd.o
 .debug_info    0x000174d8     0x236a build/obj/chthreads.o
 .debug_info    0x00019842     0x1905 build/obj/chregistry.o
 .debug_info    0x0001b147     0x13a6 build/obj/chmtx.o
 .debug_info    0x0001c4ed     0x1916 build/obj/chevents.o
 .debug_info    0x0001de03      0xbd7 build/obj/chmemcore.o
 .debug_info    0x0001e9da      0xdc0 build/obj/chmemheaps.o
 .debug_info    0x0001f79a     0x14b1 build/obj/chmempools.o
 .debug_info    0x00020c4b     0x2740 build/obj/chfactory.o
 .debug_info    0x0002338b      0xd8c build/obj/chcore_v7m.o
 .debug_info    0x00024117     0x2091 build/obj/main.o
 .debug_info    0x000261a8     0x17cd build/obj/dbus.o
 .debug_info    0x00027975     0x2424 build/obj/canBusProcess.o

.debug_abbrev   0x00000000     0x5ec7
 .debug_abbrev  0x00000000       0x14 build/obj/crt0_v7m.o
 .debug_abbrev  0x00000014       0x14 build/obj/vectors.o
 .debug_abbrev  0x00000028       0x14 build/obj/chcoreasm_v7m.o
 .debug_abbrev  0x0000003c      0x128 build/obj/crt1.o
 .debug_abbrev  0x00000164      0x216 build/obj/hal.o
 .debug_abbrev  0x0000037a      0x286 build/obj/hal_st.o
 .debug_abbrev  0x00000600      0x422 build/obj/hal_can.o
 .debug_abbrev  0x00000a22      0x3a7 build/obj/hal_uart.o
 .debug_abbrev  0x00000dc9      0x223 build/obj/nvic.o
 .debug_abbrev  0x00000fec      0x20d build/obj/stm32_isr.o
 .debug_abbrev  0x000011f9      0x239 build/obj/hal_lld.o
 .debug_abbrev  0x00001432      0x470 build/obj/hal_can_lld.o
 .debug_abbrev  0x000018a2      0x2c0 build/obj/stm32_dma.o
 .debug_abbrev  0x00001b62      0x215 build/obj/hal_pal_lld.o
 .debug_abbrev  0x00001d77      0x2b1 build/obj/hal_st_lld.o
 .debug_abbrev  0x00002028      0x43b build/obj/hal_uart_lld.o
 .debug_abbrev  0x00002463      0x210 build/obj/board.o
 .debug_abbrev  0x00002673      0x566 build/obj/chsys.o
 .debug_abbrev  0x00002bd9      0x33a build/obj/chvt.o
 .debug_abbrev  0x00002f13      0x41f build/obj/chschd.o
 .debug_abbrev  0x00003332      0x471 build/obj/chthreads.o
 .debug_abbrev  0x000037a3      0x380 build/obj/chregistry.o
 .debug_abbrev  0x00003b23      0x3e5 build/obj/chmtx.o
 .debug_abbrev  0x00003f08      0x41c build/obj/chevents.o
 .debug_abbrev  0x00004324      0x2c8 build/obj/chmemcore.o
 .debug_abbrev  0x000045ec      0x2de build/obj/chmemheaps.o
 .debug_abbrev  0x000048ca      0x41e build/obj/chmempools.o
 .debug_abbrev  0x00004ce8      0x42a build/obj/chfactory.o
 .debug_abbrev  0x00005112      0x245 build/obj/chcore_v7m.o
 .debug_abbrev  0x00005357      0x381 build/obj/main.o
 .debug_abbrev  0x000056d8      0x37a build/obj/dbus.o
 .debug_abbrev  0x00005a52      0x475 build/obj/canBusProcess.o

.debug_aranges  0x00000000      0x9e8
 .debug_aranges
                0x00000000       0x20 build/obj/crt0_v7m.o
 .debug_aranges
                0x00000020       0x20 build/obj/vectors.o
 .debug_aranges
                0x00000040       0x20 build/obj/chcoreasm_v7m.o
 .debug_aranges
                0x00000060       0x30 build/obj/crt1.o
 .debug_aranges
                0x00000090       0x20 build/obj/hal.o
 .debug_aranges
                0x000000b0       0x40 build/obj/hal_st.o
 .debug_aranges
                0x000000f0       0x68 build/obj/hal_can.o
 .debug_aranges
                0x00000158       0x78 build/obj/hal_uart.o
 .debug_aranges
                0x000001d0       0x38 build/obj/nvic.o
 .debug_aranges
                0x00000208       0x28 build/obj/stm32_isr.o
 .debug_aranges
                0x00000230       0x28 build/obj/hal_lld.o
 .debug_aranges
                0x00000258       0x90 build/obj/hal_can_lld.o
 .debug_aranges
                0x000002e8       0x68 build/obj/stm32_dma.o
 .debug_aranges
                0x00000350       0x28 build/obj/hal_pal_lld.o
 .debug_aranges
                0x00000378       0x28 build/obj/hal_st_lld.o
 .debug_aranges
                0x000003a0       0x70 build/obj/hal_uart_lld.o
 .debug_aranges
                0x00000410       0x28 build/obj/board.o
 .debug_aranges
                0x00000438       0x60 build/obj/chsys.o
 .debug_aranges
                0x00000498       0x30 build/obj/chvt.o
 .debug_aranges
                0x000004c8       0x70 build/obj/chschd.o
 .debug_aranges
                0x00000538       0xe8 build/obj/chthreads.o
 .debug_aranges
                0x00000620       0x40 build/obj/chregistry.o
 .debug_aranges
                0x00000660       0x60 build/obj/chmtx.o
 .debug_aranges
                0x000006c0       0xa8 build/obj/chevents.o
 .debug_aranges
                0x00000768       0x38 build/obj/chmemcore.o
 .debug_aranges
                0x000007a0       0x40 build/obj/chmemheaps.o
 .debug_aranges
                0x000007e0       0x78 build/obj/chmempools.o
 .debug_aranges
                0x00000858       0xc8 build/obj/chfactory.o
 .debug_aranges
                0x00000920       0x28 build/obj/chcore_v7m.o
 .debug_aranges
                0x00000948       0x28 build/obj/main.o
 .debug_aranges
                0x00000970       0x38 build/obj/dbus.o
 .debug_aranges
                0x000009a8       0x40 build/obj/canBusProcess.o

.debug_str      0x00000000     0x34f4
 .debug_str     0x00000000       0x69 build/obj/crt0_v7m.o
 .debug_str     0x00000069       0x34 build/obj/vectors.o
                                 0x68 (size before relaxing)
 .debug_str     0x0000009d       0x38 build/obj/chcoreasm_v7m.o
                                 0x6c (size before relaxing)
 .debug_str     0x000000d5      0x41a build/obj/crt1.o
                                0x4a0 (size before relaxing)
 .debug_str     0x000004ef      0x922 build/obj/hal.o
                                0xb99 (size before relaxing)
 .debug_str     0x00000e11       0xe6 build/obj/hal_st.o
                                0xc29 (size before relaxing)
 .debug_str     0x00000ef7      0x2d6 build/obj/hal_can.o
                                0xe26 (size before relaxing)
 .debug_str     0x000011cd      0x142 build/obj/hal_uart.o
                                0xce7 (size before relaxing)
 .debug_str     0x0000130f       0xfb build/obj/nvic.o
                                0xc43 (size before relaxing)
 .debug_str     0x0000140a      0x313 build/obj/stm32_isr.o
                                0xe6d (size before relaxing)
 .debug_str     0x0000171d       0xcd build/obj/hal_lld.o
                                0xc1e (size before relaxing)
 .debug_str     0x000017ea      0x1dd build/obj/hal_can_lld.o
                                0xeef (size before relaxing)
 .debug_str     0x000019c7       0xb4 build/obj/stm32_dma.o
                                0xc77 (size before relaxing)
 .debug_str     0x00001a7b       0x89 build/obj/hal_pal_lld.o
                                0xc17 (size before relaxing)
 .debug_str     0x00001b04       0x73 build/obj/hal_st_lld.o
                                0xcf5 (size before relaxing)
 .debug_str     0x00001b77       0xdb build/obj/hal_uart_lld.o
                                0xd52 (size before relaxing)
 .debug_str     0x00001c52       0x10 build/obj/board.o
                                0xb6f (size before relaxing)
 .debug_str     0x00001c62      0x3c5 build/obj/chsys.o
                                0xf44 (size before relaxing)
 .debug_str     0x00002027       0x59 build/obj/chvt.o
                                0x809 (size before relaxing)
 .debug_str     0x00002080      0x112 build/obj/chschd.o
                                0x89e (size before relaxing)
 .debug_str     0x00002192      0x22c build/obj/chthreads.o
                                0xab6 (size before relaxing)
 .debug_str     0x000023be      0x452 build/obj/chregistry.o
                                0xb82 (size before relaxing)
 .debug_str     0x00002810       0xb3 build/obj/chmtx.o
                                0x802 (size before relaxing)
 .debug_str     0x000028c3      0x182 build/obj/chevents.o
                                0x921 (size before relaxing)
 .debug_str     0x00002a45       0x81 build/obj/chmemcore.o
                                0x775 (size before relaxing)
 .debug_str     0x00002ac6       0xcb build/obj/chmemheaps.o
                                0x7be (size before relaxing)
 .debug_str     0x00002b91      0x158 build/obj/chmempools.o
                                0x874 (size before relaxing)
 .debug_str     0x00002ce9      0x3a1 build/obj/chfactory.o
                                0xfc5 (size before relaxing)
 .debug_str     0x0000308a       0x73 build/obj/chcore_v7m.o
                                0x7f0 (size before relaxing)
 .debug_str     0x000030fd      0x250 build/obj/main.o
                               0x11c2 (size before relaxing)
 .debug_str     0x0000334d       0xeb build/obj/dbus.o
                                0xd93 (size before relaxing)
 .debug_str     0x00003438       0xbc build/obj/canBusProcess.o
                               0x1271 (size before relaxing)

.debug_loc      0x00000000     0x6469
 .debug_loc     0x00000000       0xb6 build/obj/crt1.o
 .debug_loc     0x000000b6       0x26 build/obj/hal_st.o
 .debug_loc     0x000000dc      0x488 build/obj/hal_can.o
 .debug_loc     0x00000564      0x403 build/obj/hal_uart.o
 .debug_loc     0x00000967       0xee build/obj/nvic.o
 .debug_loc     0x00000a55      0x956 build/obj/hal_can_lld.o
 .debug_loc     0x000013ab      0x23b build/obj/stm32_dma.o
 .debug_loc     0x000015e6       0xf0 build/obj/hal_pal_lld.o
 .debug_loc     0x000016d6       0x29 build/obj/hal_st_lld.o
 .debug_loc     0x000016ff      0x43d build/obj/hal_uart_lld.o
 .debug_loc     0x00001b3c      0x31e build/obj/chsys.o
 .debug_loc     0x00001e5a      0x280 build/obj/chvt.o
 .debug_loc     0x000020da      0x354 build/obj/chschd.o
 .debug_loc     0x0000242e      0xc14 build/obj/chthreads.o
 .debug_loc     0x00003042      0x3ae build/obj/chregistry.o
 .debug_loc     0x000033f0      0x5db build/obj/chmtx.o
 .debug_loc     0x000039cb      0x86c build/obj/chevents.o
 .debug_loc     0x00004237      0x21d build/obj/chmemcore.o
 .debug_loc     0x00004454      0x522 build/obj/chmemheaps.o
 .debug_loc     0x00004976      0x642 build/obj/chmempools.o
 .debug_loc     0x00004fb8      0xc9f build/obj/chfactory.o
 .debug_loc     0x00005c57       0xbd build/obj/chcore_v7m.o
 .debug_loc     0x00005d14      0x344 build/obj/main.o
 .debug_loc     0x00006058      0x103 build/obj/dbus.o
 .debug_loc     0x0000615b      0x30e build/obj/canBusProcess.o

.debug_ranges   0x00000000     0x1918
 .debug_ranges  0x00000000       0x38 build/obj/crt1.o
 .debug_ranges  0x00000038       0x10 build/obj/hal.o
 .debug_ranges  0x00000048       0x30 build/obj/hal_st.o
 .debug_ranges  0x00000078      0x130 build/obj/hal_can.o
 .debug_ranges  0x000001a8      0x140 build/obj/hal_uart.o
 .debug_ranges  0x000002e8       0x28 build/obj/nvic.o
 .debug_ranges  0x00000310       0x18 build/obj/stm32_isr.o
 .debug_ranges  0x00000328       0x30 build/obj/hal_lld.o
 .debug_ranges  0x00000358      0x158 build/obj/hal_can_lld.o
 .debug_ranges  0x000004b0       0xe8 build/obj/stm32_dma.o
 .debug_ranges  0x00000598       0x18 build/obj/hal_pal_lld.o
 .debug_ranges  0x000005b0       0x30 build/obj/hal_st_lld.o
 .debug_ranges  0x000005e0       0xf8 build/obj/hal_uart_lld.o
 .debug_ranges  0x000006d8       0x18 build/obj/board.o
 .debug_ranges  0x000006f0      0x1e0 build/obj/chsys.o
 .debug_ranges  0x000008d0       0xd0 build/obj/chvt.o
 .debug_ranges  0x000009a0      0x1b0 build/obj/chschd.o
 .debug_ranges  0x00000b50      0x328 build/obj/chthreads.o
 .debug_ranges  0x00000e78      0x158 build/obj/chregistry.o
 .debug_ranges  0x00000fd0      0x238 build/obj/chmtx.o
 .debug_ranges  0x00001208      0x128 build/obj/chevents.o
 .debug_ranges  0x00001330       0x58 build/obj/chmemcore.o
 .debug_ranges  0x00001388       0x60 build/obj/chmemheaps.o
 .debug_ranges  0x000013e8      0x180 build/obj/chmempools.o
 .debug_ranges  0x00001568      0x240 build/obj/chfactory.o
 .debug_ranges  0x000017a8       0x30 build/obj/chcore_v7m.o
 .debug_ranges  0x000017d8       0x58 build/obj/main.o
 .debug_ranges  0x00001830       0x58 build/obj/dbus.o
 .debug_ranges  0x00001888       0x90 build/obj/canBusProcess.o

.debug_frame    0x00000000     0x1ec8
 .debug_frame   0x00000000       0x7c build/obj/crt1.o
 .debug_frame   0x0000007c       0x30 build/obj/hal.o
 .debug_frame   0x000000ac       0x60 build/obj/hal_st.o
 .debug_frame   0x0000010c      0x144 build/obj/hal_can.o
 .debug_frame   0x00000250      0x148 build/obj/hal_uart.o
 .debug_frame   0x00000398       0x6c build/obj/nvic.o
 .debug_frame   0x00000404       0x50 build/obj/stm32_isr.o
 .debug_frame   0x00000454       0x40 build/obj/hal_lld.o
 .debug_frame   0x00000494      0x1f4 build/obj/hal_can_lld.o
 .debug_frame   0x00000688      0x158 build/obj/stm32_dma.o
 .debug_frame   0x000007e0       0x60 build/obj/hal_pal_lld.o
 .debug_frame   0x00000840       0x58 build/obj/hal_st_lld.o
 .debug_frame   0x00000898      0x1a4 build/obj/hal_uart_lld.o
 .debug_frame   0x00000a3c       0x30 build/obj/board.o
 .debug_frame   0x00000a6c      0x138 build/obj/chsys.o
 .debug_frame   0x00000ba4       0xa0 build/obj/chvt.o
 .debug_frame   0x00000c44      0x15c build/obj/chschd.o
 .debug_frame   0x00000da0      0x2ec build/obj/chthreads.o
 .debug_frame   0x0000108c       0xb8 build/obj/chregistry.o
 .debug_frame   0x00001144      0x120 build/obj/chmtx.o
 .debug_frame   0x00001264      0x200 build/obj/chevents.o
 .debug_frame   0x00001464       0x90 build/obj/chmemcore.o
 .debug_frame   0x000014f4       0xe4 build/obj/chmemheaps.o
 .debug_frame   0x000015d8      0x154 build/obj/chmempools.o
 .debug_frame   0x0000172c      0x2ec build/obj/chfactory.o
 .debug_frame   0x00001a18       0x3c build/obj/chcore_v7m.o
 .debug_frame   0x00001a54       0x60 build/obj/main.o
 .debug_frame   0x00001ab4       0x8c build/obj/dbus.o
 .debug_frame   0x00001b40       0xc0 build/obj/canBusProcess.o
 .debug_frame   0x00001c00       0xac c:/chibistudio/tools/gnu tools arm embedded/7.0 2017q4/bin/../lib/gcc/arm-none-eabi/7.2.1/thumb/v7-m\libgcc.a(_arm_addsubdf3.o)
 .debug_frame   0x00001cac       0x50 c:/chibistudio/tools/gnu tools arm embedded/7.0 2017q4/bin/../lib/gcc/arm-none-eabi/7.2.1/thumb/v7-m\libgcc.a(_arm_muldivdf3.o)
 .debug_frame   0x00001cfc       0x24 c:/chibistudio/tools/gnu tools arm embedded/7.0 2017q4/bin/../lib/gcc/arm-none-eabi/7.2.1/thumb/v7-m\libgcc.a(_arm_truncdfsf2.o)
 .debug_frame   0x00001d20       0x4c c:/chibistudio/tools/gnu tools arm embedded/7.0 2017q4/bin/../lib/gcc/arm-none-eabi/7.2.1/thumb/v7-m\libgcc.a(_arm_addsubsf3.o)
 .debug_frame   0x00001d6c       0x38 c:/chibistudio/tools/gnu tools arm embedded/7.0 2017q4/bin/../lib/gcc/arm-none-eabi/7.2.1/thumb/v7-m\libgcc.a(_arm_muldivsf3.o)
 .debug_frame   0x00001da4       0xc8 c:/chibistudio/tools/gnu tools arm embedded/7.0 2017q4/bin/../lib/gcc/arm-none-eabi/7.2.1/thumb/v7-m\libgcc.a(_arm_cmpsf2.o)
 .debug_frame   0x00001e6c       0x24 c:/chibistudio/tools/gnu tools arm embedded/7.0 2017q4/bin/../lib/gcc/arm-none-eabi/7.2.1/thumb/v7-m\libgcc.a(_arm_fixsfsi.o)
 .debug_frame   0x00001e90       0x38 c:/chibistudio/tools/gnu tools arm embedded/7.0 2017q4/bin/../lib/gcc/arm-none-eabi/7.2.1/../../../../arm-none-eabi/lib/thumb/v7-m\libg.a(lib_a-memset.o)

Cross Reference Table

Symbol                                            File
BusFault_Handler                                  build/obj/vectors.o
CAND1                                             build/obj/hal_can_lld.o
                                                  build/obj/canBusProcess.o
DebugMon_Handler                                  build/obj/vectors.o
HardFault_Handler                                 build/obj/vectors.o
MemManage_Handler                                 build/obj/vectors.o
NMI_Handler                                       build/obj/vectors.o
PendSV_Handler                                    build/obj/vectors.o
RC_get                                            build/obj/dbus.o
                                                  build/obj/main.o
RC_init                                           build/obj/dbus.o
                                                  build/obj/main.o
Reset_Handler                                     build/obj/vectors.o
SVC_Handler                                       build/obj/chcore_v7m.o
                                                  build/obj/vectors.o
SysTick_Handler                                   build/obj/vectors.o
SystemCoreClock                                   build/obj/hal_lld.o
UARTD2                                            build/obj/hal_uart_lld.o
                                                  build/obj/dbus.o
UsageFault_Handler                                build/obj/vectors.o
Vector100                                         build/obj/vectors.o
Vector104                                         build/obj/vectors.o
Vector108                                         build/obj/vectors.o
Vector10C                                         build/obj/vectors.o
Vector110                                         build/obj/vectors.o
Vector114                                         build/obj/vectors.o
Vector118                                         build/obj/vectors.o
Vector11C                                         build/obj/vectors.o
Vector120                                         build/obj/vectors.o
Vector124                                         build/obj/vectors.o
Vector128                                         build/obj/vectors.o
Vector12C                                         build/obj/vectors.o
Vector130                                         build/obj/vectors.o
Vector134                                         build/obj/vectors.o
Vector138                                         build/obj/vectors.o
Vector13C                                         build/obj/vectors.o
Vector140                                         build/obj/vectors.o
Vector144                                         build/obj/vectors.o
Vector148                                         build/obj/vectors.o
Vector14C                                         build/obj/vectors.o
Vector150                                         build/obj/vectors.o
Vector154                                         build/obj/vectors.o
Vector158                                         build/obj/vectors.o
Vector15C                                         build/obj/vectors.o
Vector1C                                          build/obj/vectors.o
Vector20                                          build/obj/vectors.o
Vector24                                          build/obj/vectors.o
Vector28                                          build/obj/vectors.o
Vector34                                          build/obj/vectors.o
Vector40                                          build/obj/vectors.o
Vector44                                          build/obj/vectors.o
Vector48                                          build/obj/vectors.o
Vector4C                                          build/obj/vectors.o
Vector50                                          build/obj/vectors.o
Vector54                                          build/obj/vectors.o
Vector58                                          build/obj/vectors.o
Vector5C                                          build/obj/vectors.o
Vector60                                          build/obj/vectors.o
Vector64                                          build/obj/vectors.o
Vector68                                          build/obj/vectors.o
Vector6C                                          build/obj/stm32_dma.o
                                                  build/obj/vectors.o
Vector70                                          build/obj/stm32_dma.o
                                                  build/obj/vectors.o
Vector74                                          build/obj/stm32_dma.o
                                                  build/obj/vectors.o
Vector78                                          build/obj/stm32_dma.o
                                                  build/obj/vectors.o
Vector7C                                          build/obj/stm32_dma.o
                                                  build/obj/vectors.o
Vector80                                          build/obj/stm32_dma.o
                                                  build/obj/vectors.o
Vector84                                          build/obj/stm32_dma.o
                                                  build/obj/vectors.o
Vector88                                          build/obj/vectors.o
Vector8C                                          build/obj/hal_can_lld.o
                                                  build/obj/vectors.o
Vector90                                          build/obj/hal_can_lld.o
                                                  build/obj/vectors.o
Vector94                                          build/obj/hal_can_lld.o
                                                  build/obj/vectors.o
Vector98                                          build/obj/hal_can_lld.o
                                                  build/obj/vectors.o
Vector9C                                          build/obj/vectors.o
VectorA0                                          build/obj/vectors.o
VectorA4                                          build/obj/vectors.o
VectorA8                                          build/obj/vectors.o
VectorAC                                          build/obj/vectors.o
VectorB0                                          build/obj/hal_st_lld.o
                                                  build/obj/vectors.o
VectorB4                                          build/obj/vectors.o
VectorB8                                          build/obj/vectors.o
VectorBC                                          build/obj/vectors.o
VectorC0                                          build/obj/vectors.o
VectorC4                                          build/obj/vectors.o
VectorC8                                          build/obj/vectors.o
VectorCC                                          build/obj/vectors.o
VectorD0                                          build/obj/vectors.o
VectorD4                                          build/obj/vectors.o
VectorD8                                          build/obj/hal_uart_lld.o
                                                  build/obj/vectors.o
VectorDC                                          build/obj/vectors.o
VectorE0                                          build/obj/vectors.o
VectorE4                                          build/obj/vectors.o
VectorE8                                          build/obj/vectors.o
VectorEC                                          build/obj/vectors.o
VectorF0                                          build/obj/vectors.o
VectorF4                                          build/obj/vectors.o
VectorF8                                          build/obj/vectors.o
VectorFC                                          build/obj/vectors.o
__adddf3                                          c:/chibistudio/tools/gnu tools arm embedded/7.0 2017q4/bin/../lib/gcc/arm-none-eabi/7.2.1/thumb/v7-m\libgcc.a(_arm_addsubdf3.o)
__addsf3                                          c:/chibistudio/tools/gnu tools arm embedded/7.0 2017q4/bin/../lib/gcc/arm-none-eabi/7.2.1/thumb/v7-m\libgcc.a(_arm_addsubsf3.o)
__aeabi_cfcmpeq                                   c:/chibistudio/tools/gnu tools arm embedded/7.0 2017q4/bin/../lib/gcc/arm-none-eabi/7.2.1/thumb/v7-m\libgcc.a(_arm_cmpsf2.o)
__aeabi_cfcmple                                   c:/chibistudio/tools/gnu tools arm embedded/7.0 2017q4/bin/../lib/gcc/arm-none-eabi/7.2.1/thumb/v7-m\libgcc.a(_arm_cmpsf2.o)
__aeabi_cfrcmple                                  c:/chibistudio/tools/gnu tools arm embedded/7.0 2017q4/bin/../lib/gcc/arm-none-eabi/7.2.1/thumb/v7-m\libgcc.a(_arm_cmpsf2.o)
__aeabi_d2f                                       c:/chibistudio/tools/gnu tools arm embedded/7.0 2017q4/bin/../lib/gcc/arm-none-eabi/7.2.1/thumb/v7-m\libgcc.a(_arm_truncdfsf2.o)
                                                  build/obj/main.o
__aeabi_dadd                                      c:/chibistudio/tools/gnu tools arm embedded/7.0 2017q4/bin/../lib/gcc/arm-none-eabi/7.2.1/thumb/v7-m\libgcc.a(_arm_addsubdf3.o)
__aeabi_ddiv                                      c:/chibistudio/tools/gnu tools arm embedded/7.0 2017q4/bin/../lib/gcc/arm-none-eabi/7.2.1/thumb/v7-m\libgcc.a(_arm_muldivdf3.o)
__aeabi_dmul                                      c:/chibistudio/tools/gnu tools arm embedded/7.0 2017q4/bin/../lib/gcc/arm-none-eabi/7.2.1/thumb/v7-m\libgcc.a(_arm_muldivdf3.o)
                                                  build/obj/main.o
__aeabi_drsub                                     c:/chibistudio/tools/gnu tools arm embedded/7.0 2017q4/bin/../lib/gcc/arm-none-eabi/7.2.1/thumb/v7-m\libgcc.a(_arm_addsubdf3.o)
__aeabi_dsub                                      c:/chibistudio/tools/gnu tools arm embedded/7.0 2017q4/bin/../lib/gcc/arm-none-eabi/7.2.1/thumb/v7-m\libgcc.a(_arm_addsubdf3.o)
__aeabi_f2d                                       c:/chibistudio/tools/gnu tools arm embedded/7.0 2017q4/bin/../lib/gcc/arm-none-eabi/7.2.1/thumb/v7-m\libgcc.a(_arm_addsubdf3.o)
                                                  build/obj/main.o
__aeabi_f2iz                                      c:/chibistudio/tools/gnu tools arm embedded/7.0 2017q4/bin/../lib/gcc/arm-none-eabi/7.2.1/thumb/v7-m\libgcc.a(_arm_fixsfsi.o)
                                                  build/obj/main.o
__aeabi_fadd                                      c:/chibistudio/tools/gnu tools arm embedded/7.0 2017q4/bin/../lib/gcc/arm-none-eabi/7.2.1/thumb/v7-m\libgcc.a(_arm_addsubsf3.o)
                                                  build/obj/main.o
__aeabi_fcmpeq                                    c:/chibistudio/tools/gnu tools arm embedded/7.0 2017q4/bin/../lib/gcc/arm-none-eabi/7.2.1/thumb/v7-m\libgcc.a(_arm_cmpsf2.o)
__aeabi_fcmpge                                    c:/chibistudio/tools/gnu tools arm embedded/7.0 2017q4/bin/../lib/gcc/arm-none-eabi/7.2.1/thumb/v7-m\libgcc.a(_arm_cmpsf2.o)
__aeabi_fcmpgt                                    c:/chibistudio/tools/gnu tools arm embedded/7.0 2017q4/bin/../lib/gcc/arm-none-eabi/7.2.1/thumb/v7-m\libgcc.a(_arm_cmpsf2.o)
                                                  build/obj/main.o
__aeabi_fcmple                                    c:/chibistudio/tools/gnu tools arm embedded/7.0 2017q4/bin/../lib/gcc/arm-none-eabi/7.2.1/thumb/v7-m\libgcc.a(_arm_cmpsf2.o)
__aeabi_fcmplt                                    c:/chibistudio/tools/gnu tools arm embedded/7.0 2017q4/bin/../lib/gcc/arm-none-eabi/7.2.1/thumb/v7-m\libgcc.a(_arm_cmpsf2.o)
                                                  build/obj/main.o
__aeabi_fdiv                                      c:/chibistudio/tools/gnu tools arm embedded/7.0 2017q4/bin/../lib/gcc/arm-none-eabi/7.2.1/thumb/v7-m\libgcc.a(_arm_muldivsf3.o)
                                                  build/obj/main.o
__aeabi_fmul                                      c:/chibistudio/tools/gnu tools arm embedded/7.0 2017q4/bin/../lib/gcc/arm-none-eabi/7.2.1/thumb/v7-m\libgcc.a(_arm_muldivsf3.o)
                                                  build/obj/canBusProcess.o
                                                  build/obj/main.o
__aeabi_frsub                                     c:/chibistudio/tools/gnu tools arm embedded/7.0 2017q4/bin/../lib/gcc/arm-none-eabi/7.2.1/thumb/v7-m\libgcc.a(_arm_addsubsf3.o)
__aeabi_fsub                                      c:/chibistudio/tools/gnu tools arm embedded/7.0 2017q4/bin/../lib/gcc/arm-none-eabi/7.2.1/thumb/v7-m\libgcc.a(_arm_addsubsf3.o)
__aeabi_i2d                                       c:/chibistudio/tools/gnu tools arm embedded/7.0 2017q4/bin/../lib/gcc/arm-none-eabi/7.2.1/thumb/v7-m\libgcc.a(_arm_addsubdf3.o)
__aeabi_i2f                                       c:/chibistudio/tools/gnu tools arm embedded/7.0 2017q4/bin/../lib/gcc/arm-none-eabi/7.2.1/thumb/v7-m\libgcc.a(_arm_addsubsf3.o)
                                                  build/obj/canBusProcess.o
                                                  build/obj/main.o
__aeabi_l2d                                       c:/chibistudio/tools/gnu tools arm embedded/7.0 2017q4/bin/../lib/gcc/arm-none-eabi/7.2.1/thumb/v7-m\libgcc.a(_arm_addsubdf3.o)
__aeabi_l2f                                       c:/chibistudio/tools/gnu tools arm embedded/7.0 2017q4/bin/../lib/gcc/arm-none-eabi/7.2.1/thumb/v7-m\libgcc.a(_arm_addsubsf3.o)
__aeabi_ui2d                                      c:/chibistudio/tools/gnu tools arm embedded/7.0 2017q4/bin/../lib/gcc/arm-none-eabi/7.2.1/thumb/v7-m\libgcc.a(_arm_addsubdf3.o)
__aeabi_ui2f                                      c:/chibistudio/tools/gnu tools arm embedded/7.0 2017q4/bin/../lib/gcc/arm-none-eabi/7.2.1/thumb/v7-m\libgcc.a(_arm_addsubsf3.o)
__aeabi_ul2d                                      c:/chibistudio/tools/gnu tools arm embedded/7.0 2017q4/bin/../lib/gcc/arm-none-eabi/7.2.1/thumb/v7-m\libgcc.a(_arm_addsubdf3.o)
__aeabi_ul2f                                      c:/chibistudio/tools/gnu tools arm embedded/7.0 2017q4/bin/../lib/gcc/arm-none-eabi/7.2.1/thumb/v7-m\libgcc.a(_arm_addsubsf3.o)
__cmpsf2                                          c:/chibistudio/tools/gnu tools arm embedded/7.0 2017q4/bin/../lib/gcc/arm-none-eabi/7.2.1/thumb/v7-m\libgcc.a(_arm_cmpsf2.o)
__core_init                                       build/obj/crt1.o
                                                  build/obj/crt0_v7m.o
__default_exit                                    build/obj/crt1.o
                                                  build/obj/crt0_v7m.o
__divdf3                                          c:/chibistudio/tools/gnu tools arm embedded/7.0 2017q4/bin/../lib/gcc/arm-none-eabi/7.2.1/thumb/v7-m\libgcc.a(_arm_muldivdf3.o)
__divsf3                                          c:/chibistudio/tools/gnu tools arm embedded/7.0 2017q4/bin/../lib/gcc/arm-none-eabi/7.2.1/thumb/v7-m\libgcc.a(_arm_muldivsf3.o)
__early_init                                      build/obj/board.o
                                                  build/obj/crt1.o
                                                  build/obj/crt0_v7m.o
__eqsf2                                           c:/chibistudio/tools/gnu tools arm embedded/7.0 2017q4/bin/../lib/gcc/arm-none-eabi/7.2.1/thumb/v7-m\libgcc.a(_arm_cmpsf2.o)
__extendsfdf2                                     c:/chibistudio/tools/gnu tools arm embedded/7.0 2017q4/bin/../lib/gcc/arm-none-eabi/7.2.1/thumb/v7-m\libgcc.a(_arm_addsubdf3.o)
__fini_array_end                                  build/obj/crt0_v7m.o
__fini_array_start                                build/obj/crt0_v7m.o
__fixsfsi                                         c:/chibistudio/tools/gnu tools arm embedded/7.0 2017q4/bin/../lib/gcc/arm-none-eabi/7.2.1/thumb/v7-m\libgcc.a(_arm_fixsfsi.o)
__floatdidf                                       c:/chibistudio/tools/gnu tools arm embedded/7.0 2017q4/bin/../lib/gcc/arm-none-eabi/7.2.1/thumb/v7-m\libgcc.a(_arm_addsubdf3.o)
__floatdisf                                       c:/chibistudio/tools/gnu tools arm embedded/7.0 2017q4/bin/../lib/gcc/arm-none-eabi/7.2.1/thumb/v7-m\libgcc.a(_arm_addsubsf3.o)
__floatsidf                                       c:/chibistudio/tools/gnu tools arm embedded/7.0 2017q4/bin/../lib/gcc/arm-none-eabi/7.2.1/thumb/v7-m\libgcc.a(_arm_addsubdf3.o)
__floatsisf                                       c:/chibistudio/tools/gnu tools arm embedded/7.0 2017q4/bin/../lib/gcc/arm-none-eabi/7.2.1/thumb/v7-m\libgcc.a(_arm_addsubsf3.o)
__floatundidf                                     c:/chibistudio/tools/gnu tools arm embedded/7.0 2017q4/bin/../lib/gcc/arm-none-eabi/7.2.1/thumb/v7-m\libgcc.a(_arm_addsubdf3.o)
__floatundisf                                     c:/chibistudio/tools/gnu tools arm embedded/7.0 2017q4/bin/../lib/gcc/arm-none-eabi/7.2.1/thumb/v7-m\libgcc.a(_arm_addsubsf3.o)
__floatunsidf                                     c:/chibistudio/tools/gnu tools arm embedded/7.0 2017q4/bin/../lib/gcc/arm-none-eabi/7.2.1/thumb/v7-m\libgcc.a(_arm_addsubdf3.o)
__floatunsisf                                     c:/chibistudio/tools/gnu tools arm embedded/7.0 2017q4/bin/../lib/gcc/arm-none-eabi/7.2.1/thumb/v7-m\libgcc.a(_arm_addsubsf3.o)
__gesf2                                           c:/chibistudio/tools/gnu tools arm embedded/7.0 2017q4/bin/../lib/gcc/arm-none-eabi/7.2.1/thumb/v7-m\libgcc.a(_arm_cmpsf2.o)
__gtsf2                                           c:/chibistudio/tools/gnu tools arm embedded/7.0 2017q4/bin/../lib/gcc/arm-none-eabi/7.2.1/thumb/v7-m\libgcc.a(_arm_cmpsf2.o)
__heap_base__                                     build/obj/chmemcore.o
__heap_end__                                      build/obj/chmemcore.o
__init_array_end                                  build/obj/crt0_v7m.o
__init_array_start                                build/obj/crt0_v7m.o
__init_ram_areas                                  build/obj/crt1.o
                                                  build/obj/crt0_v7m.o
__late_init                                       build/obj/crt1.o
                                                  build/obj/crt0_v7m.o
__lesf2                                           c:/chibistudio/tools/gnu tools arm embedded/7.0 2017q4/bin/../lib/gcc/arm-none-eabi/7.2.1/thumb/v7-m\libgcc.a(_arm_cmpsf2.o)
__ltsf2                                           c:/chibistudio/tools/gnu tools arm embedded/7.0 2017q4/bin/../lib/gcc/arm-none-eabi/7.2.1/thumb/v7-m\libgcc.a(_arm_cmpsf2.o)
__main_stack_base__                               build/obj/crt0_v7m.o
__main_stack_end__                                build/obj/vectors.o
                                                  build/obj/crt0_v7m.o
__muldf3                                          c:/chibistudio/tools/gnu tools arm embedded/7.0 2017q4/bin/../lib/gcc/arm-none-eabi/7.2.1/thumb/v7-m\libgcc.a(_arm_muldivdf3.o)
__mulsf3                                          c:/chibistudio/tools/gnu tools arm embedded/7.0 2017q4/bin/../lib/gcc/arm-none-eabi/7.2.1/thumb/v7-m\libgcc.a(_arm_muldivsf3.o)
__nesf2                                           c:/chibistudio/tools/gnu tools arm embedded/7.0 2017q4/bin/../lib/gcc/arm-none-eabi/7.2.1/thumb/v7-m\libgcc.a(_arm_cmpsf2.o)
__process_stack_base__                            build/obj/crt0_v7m.o
__process_stack_end__                             build/obj/crt0_v7m.o
__ram0_clear__                                    build/obj/crt1.o
__ram0_init__                                     build/obj/crt1.o
__ram0_init_text__                                build/obj/crt1.o
__ram0_noinit__                                   build/obj/crt1.o
__ram1_clear__                                    build/obj/crt1.o
__ram1_init__                                     build/obj/crt1.o
__ram1_init_text__                                build/obj/crt1.o
__ram1_noinit__                                   build/obj/crt1.o
__ram2_clear__                                    build/obj/crt1.o
__ram2_init__                                     build/obj/crt1.o
__ram2_init_text__                                build/obj/crt1.o
__ram2_noinit__                                   build/obj/crt1.o
__ram3_clear__                                    build/obj/crt1.o
__ram3_init__                                     build/obj/crt1.o
__ram3_init_text__                                build/obj/crt1.o
__ram3_noinit__                                   build/obj/crt1.o
__ram4_clear__                                    build/obj/crt1.o
__ram4_init__                                     build/obj/crt1.o
__ram4_init_text__                                build/obj/crt1.o
__ram4_noinit__                                   build/obj/crt1.o
__ram5_clear__                                    build/obj/crt1.o
__ram5_init__                                     build/obj/crt1.o
__ram5_init_text__                                build/obj/crt1.o
__ram5_noinit__                                   build/obj/crt1.o
__ram6_clear__                                    build/obj/crt1.o
__ram6_init__                                     build/obj/crt1.o
__ram6_init_text__                                build/obj/crt1.o
__ram6_noinit__                                   build/obj/crt1.o
__ram7_clear__                                    build/obj/crt1.o
__ram7_init__                                     build/obj/crt1.o
__ram7_init_text__                                build/obj/crt1.o
__ram7_noinit__                                   build/obj/crt1.o
__subdf3                                          c:/chibistudio/tools/gnu tools arm embedded/7.0 2017q4/bin/../lib/gcc/arm-none-eabi/7.2.1/thumb/v7-m\libgcc.a(_arm_addsubdf3.o)
__subsf3                                          c:/chibistudio/tools/gnu tools arm embedded/7.0 2017q4/bin/../lib/gcc/arm-none-eabi/7.2.1/thumb/v7-m\libgcc.a(_arm_addsubsf3.o)
__truncdfsf2                                      c:/chibistudio/tools/gnu tools arm embedded/7.0 2017q4/bin/../lib/gcc/arm-none-eabi/7.2.1/thumb/v7-m\libgcc.a(_arm_truncdfsf2.o)
_bss_end                                          build/obj/crt0_v7m.o
_bss_start                                        build/obj/crt0_v7m.o
_core_init                                        build/obj/chmemcore.o